<?xml version="1.0" encoding="ISO-8859-1" ?>
<link_info>
   <banner>TI ARM Linker Unix v18.1.1.LTS</banner>
   <copyright>Copyright (c) 1996-2017 Texas Instruments Incorporated</copyright>
   <link_time>0x5aec99ae</link_time>
   <link_errors>0x0</link_errors>
   <output_file>Attempt_one.out</output_file>
   <entry_point>
      <name>_c_int00_noargs</name>
      <address>0x1f81</address>
   </entry_point>
   <input_file_list>
      <input_file id="fl-1">
         <path>./</path>
         <kind>object</kind>
         <file>Kentec320x240x16_ssd2119_8bit.obj</file>
         <name>Kentec320x240x16_ssd2119_8bit.obj</name>
      </input_file>
      <input_file id="fl-2">
         <path>./</path>
         <kind>object</kind>
         <file>main.obj</file>
         <name>main.obj</name>
      </input_file>
      <input_file id="fl-3">
         <path>./</path>
         <kind>object</kind>
         <file>tm4c123gh6pm_startup_ccs.obj</file>
         <name>tm4c123gh6pm_startup_ccs.obj</name>
      </input_file>
      <input_file id="fl-9">
         <kind>object</kind>
         <file>&lt;internal&gt;</file>
         <name>&lt;internal&gt;</name>
      </input_file>
      <input_file id="fl-a">
         <path>/home/c3xp1r/ti/TivaWare_C_Series-2.1.3.156/driverlib/ccs/Debug/</path>
         <kind>archive</kind>
         <file>driverlib.lib</file>
         <name>gpio.obj</name>
      </input_file>
      <input_file id="fl-b">
         <path>/home/c3xp1r/ti/TivaWare_C_Series-2.1.3.156/driverlib/ccs/Debug/</path>
         <kind>archive</kind>
         <file>driverlib.lib</file>
         <name>interrupt.obj</name>
      </input_file>
      <input_file id="fl-c">
         <path>/home/c3xp1r/ti/TivaWare_C_Series-2.1.3.156/driverlib/ccs/Debug/</path>
         <kind>archive</kind>
         <file>driverlib.lib</file>
         <name>sysctl.obj</name>
      </input_file>
      <input_file id="fl-d">
         <path>/home/c3xp1r/ti/TivaWare_C_Series-2.1.3.156/driverlib/ccs/Debug/</path>
         <kind>archive</kind>
         <file>driverlib.lib</file>
         <name>cpu.obj</name>
      </input_file>
      <input_file id="fl-c3">
         <path>/home/c3xp1r/ti/ccsv8/tools/compiler/ti-cgt-arm_18.1.1.LTS/lib/</path>
         <kind>archive</kind>
         <file>rtsv7M4_T_le_v4SPD16_eabi.lib</file>
         <name>fd_add_t2.asm.obj</name>
      </input_file>
      <input_file id="fl-c4">
         <path>/home/c3xp1r/ti/ccsv8/tools/compiler/ti-cgt-arm_18.1.1.LTS/lib/</path>
         <kind>archive</kind>
         <file>rtsv7M4_T_le_v4SPD16_eabi.lib</file>
         <name>fd_div_t2.asm.obj</name>
      </input_file>
      <input_file id="fl-c5">
         <path>/home/c3xp1r/ti/ccsv8/tools/compiler/ti-cgt-arm_18.1.1.LTS/lib/</path>
         <kind>archive</kind>
         <file>rtsv7M4_T_le_v4SPD16_eabi.lib</file>
         <name>fd_toi_t2.asm.obj</name>
      </input_file>
      <input_file id="fl-c6">
         <path>/home/c3xp1r/ti/ccsv8/tools/compiler/ti-cgt-arm_18.1.1.LTS/lib/</path>
         <kind>archive</kind>
         <file>rtsv7M4_T_le_v4SPD16_eabi.lib</file>
         <name>u_tofd_t2.asm.obj</name>
      </input_file>
      <input_file id="fl-c7">
         <path>/home/c3xp1r/ti/ccsv8/tools/compiler/ti-cgt-arm_18.1.1.LTS/lib/</path>
         <kind>archive</kind>
         <file>rtsv7M4_T_le_v4SPD16_eabi.lib</file>
         <name>copy_zero_init.c.obj</name>
      </input_file>
      <input_file id="fl-c8">
         <path>/home/c3xp1r/ti/ccsv8/tools/compiler/ti-cgt-arm_18.1.1.LTS/lib/</path>
         <kind>archive</kind>
         <file>rtsv7M4_T_le_v4SPD16_eabi.lib</file>
         <name>copy_decompress_none.c.obj</name>
      </input_file>
      <input_file id="fl-c9">
         <path>/home/c3xp1r/ti/ccsv8/tools/compiler/ti-cgt-arm_18.1.1.LTS/lib/</path>
         <kind>archive</kind>
         <file>rtsv7M4_T_le_v4SPD16_eabi.lib</file>
         <name>copy_decompress_lzss.c.obj</name>
      </input_file>
      <input_file id="fl-ca">
         <path>/home/c3xp1r/ti/ccsv8/tools/compiler/ti-cgt-arm_18.1.1.LTS/lib/</path>
         <kind>archive</kind>
         <file>rtsv7M4_T_le_v4SPD16_eabi.lib</file>
         <name>boot_cortex_m.c.obj</name>
      </input_file>
      <input_file id="fl-cb">
         <path>/home/c3xp1r/ti/ccsv8/tools/compiler/ti-cgt-arm_18.1.1.LTS/lib/</path>
         <kind>archive</kind>
         <file>rtsv7M4_T_le_v4SPD16_eabi.lib</file>
         <name>exit.c.obj</name>
      </input_file>
      <input_file id="fl-cc">
         <path>/home/c3xp1r/ti/ccsv8/tools/compiler/ti-cgt-arm_18.1.1.LTS/lib/</path>
         <kind>archive</kind>
         <file>rtsv7M4_T_le_v4SPD16_eabi.lib</file>
         <name>_lock.c.obj</name>
      </input_file>
      <input_file id="fl-cd">
         <path>/home/c3xp1r/ti/ccsv8/tools/compiler/ti-cgt-arm_18.1.1.LTS/lib/</path>
         <kind>archive</kind>
         <file>rtsv7M4_T_le_v4SPD16_eabi.lib</file>
         <name>args_main.c.obj</name>
      </input_file>
      <input_file id="fl-ce">
         <path>/home/c3xp1r/ti/ccsv8/tools/compiler/ti-cgt-arm_18.1.1.LTS/lib/</path>
         <kind>archive</kind>
         <file>rtsv7M4_T_le_v4SPD16_eabi.lib</file>
         <name>memcpy_t2.asm.obj</name>
      </input_file>
      <input_file id="fl-cf">
         <path>/home/c3xp1r/ti/ccsv8/tools/compiler/ti-cgt-arm_18.1.1.LTS/lib/</path>
         <kind>archive</kind>
         <file>rtsv7M4_T_le_v4SPD16_eabi.lib</file>
         <name>memset_t2.asm.obj</name>
      </input_file>
      <input_file id="fl-d0">
         <path>/home/c3xp1r/ti/ccsv8/tools/compiler/ti-cgt-arm_18.1.1.LTS/lib/</path>
         <kind>archive</kind>
         <file>rtsv7M4_T_le_v4SPD16_eabi.lib</file>
         <name>autoinit.c.obj</name>
      </input_file>
      <input_file id="fl-d1">
         <path>/home/c3xp1r/ti/ccsv8/tools/compiler/ti-cgt-arm_18.1.1.LTS/lib/</path>
         <kind>archive</kind>
         <file>rtsv7M4_T_le_v4SPD16_eabi.lib</file>
         <name>pre_init.c.obj</name>
      </input_file>
      <input_file id="fl-d2">
         <path>/home/c3xp1r/ti/ccsv8/tools/compiler/ti-cgt-arm_18.1.1.LTS/lib/</path>
         <kind>archive</kind>
         <file>rtsv7M4_T_le_v4SPD16_eabi.lib</file>
         <name>cpy_tbl.c.obj</name>
      </input_file>
      <input_file id="fl-d3">
         <path>/home/c3xp1r/ti/TivaWare_C_Series-2.1.3.156/grlib/ccs/Debug/</path>
         <kind>archive</kind>
         <file>grlib.lib</file>
         <name>circle.obj</name>
      </input_file>
      <input_file id="fl-d4">
         <path>/home/c3xp1r/ti/TivaWare_C_Series-2.1.3.156/grlib/ccs/Debug/</path>
         <kind>archive</kind>
         <file>grlib.lib</file>
         <name>context.obj</name>
      </input_file>
      <input_file id="fl-d5">
         <path>/home/c3xp1r/ti/TivaWare_C_Series-2.1.3.156/grlib/ccs/Debug/</path>
         <kind>archive</kind>
         <file>grlib.lib</file>
         <name>line.obj</name>
      </input_file>
      <input_file id="fl-d6">
         <path>/home/c3xp1r/ti/TivaWare_C_Series-2.1.3.156/grlib/ccs/Debug/</path>
         <kind>archive</kind>
         <file>grlib.lib</file>
         <name>rectangle.obj</name>
      </input_file>
      <input_file id="fl-d7">
         <path>/home/c3xp1r/ti/TivaWare_C_Series-2.1.3.156/grlib/ccs/Debug/</path>
         <kind>archive</kind>
         <file>grlib.lib</file>
         <name>string.obj</name>
      </input_file>
      <input_file id="fl-d8">
         <path>/home/c3xp1r/ti/TivaWare_C_Series-2.1.3.156/grlib/ccs/Debug/</path>
         <kind>archive</kind>
         <file>grlib.lib</file>
         <name>fontcm18b.obj</name>
      </input_file>
      <input_file id="fl-d9">
         <path>/home/c3xp1r/ti/TivaWare_C_Series-2.1.3.156/grlib/ccs/Debug/</path>
         <kind>archive</kind>
         <file>grlib.lib</file>
         <name>charmap.obj</name>
      </input_file>
   </input_file_list>
   <object_component_list>
      <object_component id="oc-f">
         <name>.intvecs</name>
         <load_address>0x0</load_address>
         <run_address>0x0</run_address>
         <size>0x26c</size>
         <input_file_ref idref="fl-3"/>
      </object_component>
      <object_component id="oc-cb">
         <name>.text</name>
         <load_address>0x26c</load_address>
         <run_address>0x26c</run_address>
         <size>0x9b0</size>
         <input_file_ref idref="fl-1"/>
      </object_component>
      <object_component id="oc-22c">
         <name>.text:GrFontGlyphRender</name>
         <load_address>0xc1c</load_address>
         <run_address>0xc1c</run_address>
         <size>0x254</size>
         <input_file_ref idref="fl-d7"/>
      </object_component>
      <object_component id="oc-98">
         <name>.text</name>
         <load_address>0xe70</load_address>
         <run_address>0xe70</run_address>
         <size>0x224</size>
         <input_file_ref idref="fl-2"/>
      </object_component>
      <object_component id="oc-e3">
         <name>.text:GrCircleDraw</name>
         <load_address>0x1094</load_address>
         <run_address>0x1094</run_address>
         <size>0x208</size>
         <input_file_ref idref="fl-d3"/>
      </object_component>
      <object_component id="oc-111">
         <name>.text</name>
         <load_address>0x129c</load_address>
         <run_address>0x129c</run_address>
         <size>0x1b6</size>
         <input_file_ref idref="fl-c3"/>
      </object_component>
      <object_component id="oc-e9">
         <name>.text:GrCircleFill</name>
         <load_address>0x1452</load_address>
         <run_address>0x1452</run_address>
         <size>0x144</size>
         <input_file_ref idref="fl-d3"/>
      </object_component>
      <object_component id="oc-106">
         <name>.text</name>
         <load_address>0x1596</load_address>
         <run_address>0x1596</run_address>
         <size>0x136</size>
         <input_file_ref idref="fl-c4"/>
      </object_component>
      <object_component id="oc-211">
         <name>.text:GPIOPadConfigSet</name>
         <load_address>0x16cc</load_address>
         <run_address>0x16cc</run_address>
         <size>0x132</size>
         <input_file_ref idref="fl-a"/>
      </object_component>
      <object_component id="oc-18a">
         <name>.text:SysCtlClockGet</name>
         <load_address>0x1800</load_address>
         <run_address>0x1800</run_address>
         <size>0x110</size>
         <input_file_ref idref="fl-c"/>
      </object_component>
      <object_component id="oc-c5">
         <name>.text:SysCtlClockSet</name>
         <load_address>0x1910</load_address>
         <run_address>0x1910</run_address>
         <size>0xf4</size>
         <input_file_ref idref="fl-c"/>
      </object_component>
      <object_component id="oc-194">
         <name>.text:GrDefaultStringRenderer</name>
         <load_address>0x1a04</load_address>
         <run_address>0x1a04</run_address>
         <size>0xc0</size>
         <input_file_ref idref="fl-d7"/>
      </object_component>
      <object_component id="oc-38">
         <name>.text</name>
         <load_address>0x1ac4</load_address>
         <run_address>0x1ac4</run_address>
         <size>0x9c</size>
         <input_file_ref idref="fl-ce"/>
      </object_component>
      <object_component id="oc-d7">
         <name>.text:GrRectFill</name>
         <load_address>0x1b60</load_address>
         <run_address>0x1b60</run_address>
         <size>0x86</size>
         <input_file_ref idref="fl-d6"/>
      </object_component>
      <object_component id="oc-d1">
         <name>.text:GrContextInit</name>
         <load_address>0x1be8</load_address>
         <run_address>0x1be8</run_address>
         <size>0x68</size>
         <input_file_ref idref="fl-d4"/>
      </object_component>
      <object_component id="oc-fb">
         <name>.text:GrStringWidthGet</name>
         <load_address>0x1c50</load_address>
         <run_address>0x1c50</run_address>
         <size>0x68</size>
         <input_file_ref idref="fl-d7"/>
      </object_component>
      <object_component id="oc-12">
         <name>.text:decompress:lzss:__TI_decompress_lzss</name>
         <load_address>0x1cb8</load_address>
         <run_address>0x1cb8</run_address>
         <size>0x68</size>
         <input_file_ref idref="fl-c9"/>
      </object_component>
      <object_component id="oc-dd">
         <name>.text:GrRectDraw</name>
         <load_address>0x1d20</load_address>
         <run_address>0x1d20</run_address>
         <size>0x66</size>
         <input_file_ref idref="fl-d6"/>
      </object_component>
      <object_component id="oc-24e">
         <name>.text:FontWideGlyphDataGet</name>
         <load_address>0x1d86</load_address>
         <run_address>0x1d86</run_address>
         <size>0x5a</size>
         <input_file_ref idref="fl-d7"/>
      </object_component>
      <object_component id="oc-1b4">
         <name>.text:UpdateContextCharMapping</name>
         <load_address>0x1de0</load_address>
         <run_address>0x1de0</run_address>
         <size>0x4a</size>
         <input_file_ref idref="fl-d7"/>
      </object_component>
      <object_component id="oc-116">
         <name>.text</name>
         <load_address>0x1e2a</load_address>
         <run_address>0x1e2a</run_address>
         <size>0x48</size>
         <input_file_ref idref="fl-c5"/>
      </object_component>
      <object_component id="oc-ef">
         <name>.text:GrLineDrawH</name>
         <load_address>0x1e72</load_address>
         <run_address>0x1e72</run_address>
         <size>0x46</size>
         <input_file_ref idref="fl-d5"/>
      </object_component>
      <object_component id="oc-1a8">
         <name>.text:GrLineDrawV</name>
         <load_address>0x1eb8</load_address>
         <run_address>0x1eb8</run_address>
         <size>0x46</size>
         <input_file_ref idref="fl-d5"/>
      </object_component>
      <object_component id="oc-13c">
         <name>.text:__TI_auto_init_nobinit_nopinit:__TI_auto_init_nobinit_nopinit</name>
         <load_address>0x1f00</load_address>
         <run_address>0x1f00</run_address>
         <size>0x44</size>
         <input_file_ref idref="fl-d0"/>
      </object_component>
      <object_component id="oc-254">
         <name>.text:FontGlyphDataGet</name>
         <load_address>0x1f44</load_address>
         <run_address>0x1f44</run_address>
         <size>0x3a</size>
         <input_file_ref idref="fl-d7"/>
      </object_component>
      <object_component id="oc-56">
         <name>.text:_c_int00_noargs:_c_int00_noargs</name>
         <load_address>0x1f80</load_address>
         <run_address>0x1f80</run_address>
         <size>0x38</size>
         <input_file_ref idref="fl-ca"/>
      </object_component>
      <object_component id="oc-17e">
         <name>.text:SysCtlPeripheralEnable</name>
         <load_address>0x1fb8</load_address>
         <run_address>0x1fb8</run_address>
         <size>0x34</size>
         <input_file_ref idref="fl-c"/>
      </object_component>
      <object_component id="oc-1bd">
         <name>.text:GrStringNextCharGet</name>
         <load_address>0x1fec</load_address>
         <run_address>0x1fec</run_address>
         <size>0x2e</size>
         <input_file_ref idref="fl-d7"/>
      </object_component>
      <object_component id="oc-10b">
         <name>.text:GrFontBaselineGet</name>
         <load_address>0x201a</load_address>
         <run_address>0x201a</run_address>
         <size>0x2c</size>
         <input_file_ref idref="fl-d7"/>
      </object_component>
      <object_component id="oc-217">
         <name>.text:GPIODirModeSet</name>
         <load_address>0x2046</load_address>
         <run_address>0x2046</run_address>
         <size>0x2a</size>
         <input_file_ref idref="fl-a"/>
      </object_component>
      <object_component id="oc-1c9">
         <name>.text:GrFontInfoGet</name>
         <load_address>0x2070</load_address>
         <run_address>0x2070</run_address>
         <size>0x26</size>
         <input_file_ref idref="fl-d7"/>
      </object_component>
      <object_component id="oc-1c3">
         <name>.text:GrFontGlyphDataGet</name>
         <load_address>0x2096</load_address>
         <run_address>0x2096</run_address>
         <size>0x22</size>
         <input_file_ref idref="fl-d7"/>
      </object_component>
      <object_component id="oc-101">
         <name>.text</name>
         <load_address>0x20b8</load_address>
         <run_address>0x20b8</run_address>
         <size>0x20</size>
         <input_file_ref idref="fl-c6"/>
      </object_component>
      <object_component id="oc-244">
         <name>.text:GrFontCodepageGet</name>
         <load_address>0x20d8</load_address>
         <run_address>0x20d8</run_address>
         <size>0x1e</size>
         <input_file_ref idref="fl-d7"/>
      </object_component>
      <object_component id="oc-178">
         <name>.text:GPIOPinTypeGPIOOutput</name>
         <load_address>0x20f6</load_address>
         <run_address>0x20f6</run_address>
         <size>0x18</size>
         <input_file_ref idref="fl-a"/>
      </object_component>
      <object_component id="oc-11b">
         <name>.text:GrStringDraw</name>
         <load_address>0x210e</load_address>
         <run_address>0x210e</run_address>
         <size>0x16</size>
         <input_file_ref idref="fl-d7"/>
      </object_component>
      <object_component id="oc-44">
         <name>.text:decompress:ZI:__TI_zero_init_nomemset:__TI_zero_init_nomemset</name>
         <load_address>0x2124</load_address>
         <run_address>0x2124</run_address>
         <size>0x12</size>
         <input_file_ref idref="fl-c7"/>
      </object_component>
      <object_component id="oc-18">
         <name>.text:decompress:none:__TI_decompress_none</name>
         <load_address>0x2136</load_address>
         <run_address>0x2136</run_address>
         <size>0xe</size>
         <input_file_ref idref="fl-c8"/>
      </object_component>
      <object_component id="oc-24">
         <name>.text</name>
         <load_address>0x2144</load_address>
         <run_address>0x2144</run_address>
         <size>0xc</size>
         <input_file_ref idref="fl-3"/>
      </object_component>
      <object_component id="oc-233">
         <name>.text:GrMapISO8859_1_Unicode</name>
         <load_address>0x2150</load_address>
         <run_address>0x2150</run_address>
         <size>0x8</size>
         <input_file_ref idref="fl-d9"/>
      </object_component>
      <object_component id="oc-184">
         <name>.text:GPIOPinWrite</name>
         <load_address>0x2158</load_address>
         <run_address>0x2158</run_address>
         <size>0x6</size>
         <input_file_ref idref="fl-a"/>
      </object_component>
      <object_component id="oc-f5">
         <name>.text:GrContextFontSet</name>
         <load_address>0x215e</load_address>
         <run_address>0x215e</run_address>
         <size>0x6</size>
         <input_file_ref idref="fl-d7"/>
      </object_component>
      <object_component id="oc-170">
         <name>.text:SysCtlDelay</name>
         <load_address>0x2164</load_address>
         <run_address>0x2164</run_address>
         <size>0x6</size>
         <input_file_ref idref="fl-c"/>
      </object_component>
      <object_component id="oc-92">
         <name>.text:_system_pre_init</name>
         <load_address>0x216a</load_address>
         <run_address>0x216a</run_address>
         <size>0x4</size>
         <input_file_ref idref="fl-d1"/>
      </object_component>
      <object_component id="oc-130">
         <name>.text:abort:abort</name>
         <load_address>0x216e</load_address>
         <run_address>0x216e</run_address>
         <size>0x4</size>
         <input_file_ref idref="fl-cb"/>
      </object_component>
      <object_component id="oc-1e4">
         <name>.const:.string:g_pui8Cm18bData</name>
         <load_address>0x2174</load_address>
         <run_address>0x2174</run_address>
         <size>0x833</size>
         <input_file_ref idref="fl-d8"/>
      </object_component>
      <object_component id="oc-127">
         <name>.const:g_sFontCm18b</name>
         <load_address>0x29a8</load_address>
         <run_address>0x29a8</run_address>
         <size>0xc8</size>
         <input_file_ref idref="fl-d8"/>
      </object_component>
      <object_component id="oc-221">
         <name>.const:g_pui32Xtals</name>
         <load_address>0x2a70</load_address>
         <run_address>0x2a70</run_address>
         <size>0x6c</size>
         <input_file_ref idref="fl-c"/>
      </object_component>
      <object_component id="oc-124">
         <name>.const:g_sKentec320x240x16_SSD2119</name>
         <load_address>0x2adc</load_address>
         <run_address>0x2adc</run_address>
         <size>0x28</size>
         <input_file_ref idref="fl-1"/>
      </object_component>
      <object_component id="oc-19a">
         <name>.const</name>
         <load_address>0x2b04</load_address>
         <run_address>0x2b04</run_address>
         <size>0x10</size>
         <input_file_ref idref="fl-d4"/>
      </object_component>
      <object_component id="oc-2c7">
         <name>.cinit..data.load</name>
         <load_address>0x2b18</load_address>
         <run_address>0x2b18</run_address>
         <size>0xd</size>
      </object_component>
      <object_component id="oc-2c5">
         <name>__TI_handler_table</name>
         <load_address>0x2b28</load_address>
         <run_address>0x2b28</run_address>
         <size>0xc</size>
      </object_component>
      <object_component id="oc-2c8">
         <name>.cinit..bss.load</name>
         <load_address>0x2b38</load_address>
         <run_address>0x2b38</run_address>
         <size>0x8</size>
      </object_component>
      <object_component id="oc-2c6">
         <name>__TI_cinit_table</name>
         <load_address>0x2b40</load_address>
         <run_address>0x2b40</run_address>
         <size>0x10</size>
      </object_component>
      <object_component id="oc-190">
         <name>.data</name>
         <load_address>0x20000230</load_address>
         <run_address>0x20000230</run_address>
         <size>0x8</size>
         <input_file_ref idref="fl-1"/>
      </object_component>
      <object_component id="oc-121">
         <name>.common:g_sContext</name>
         <uninitialized>true</uninitialized>
         <run_address>0x20000200</run_address>
         <size>0x2c</size>
      </object_component>
      <object_component id="oc-19d">
         <name>.common:g_psGrLibDefaults</name>
         <uninitialized>true</uninitialized>
         <run_address>0x2000022c</run_address>
         <size>0x4</size>
      </object_component>
      <object_component id="oc-21">
         <name>.stack</name>
         <uninitialized>true</uninitialized>
         <run_address>0x20000000</run_address>
         <size>0x4</size>
         <input_file_ref idref="fl-ca"/>
      </object_component>
      <object_component id="oc-2c9">
         <name>.stack</name>
         <uninitialized>true</uninitialized>
         <run_address>0x20000000</run_address>
         <size>0x0</size>
      </object_component>
      <object_component id="oc-b4">
         <name>.debug_info</name>
         <load_address>0x0</load_address>
         <run_address>0x0</run_address>
         <size>0x5c0</size>
         <input_file_ref idref="fl-1"/>
      </object_component>
      <object_component id="oc-191">
         <name>.debug_info</name>
         <load_address>0x5c0</load_address>
         <run_address>0x5c0</run_address>
         <size>0x10e</size>
         <input_file_ref idref="fl-1"/>
      </object_component>
      <object_component id="oc-125">
         <name>.debug_info</name>
         <load_address>0x6ce</load_address>
         <run_address>0x6ce</run_address>
         <size>0x10a</size>
         <input_file_ref idref="fl-1"/>
      </object_component>
      <object_component id="oc-cc">
         <name>.debug_info</name>
         <load_address>0x7d8</load_address>
         <run_address>0x7d8</run_address>
         <size>0x14ad</size>
         <input_file_ref idref="fl-1"/>
      </object_component>
      <object_component id="oc-12b">
         <name>.debug_info</name>
         <load_address>0x1c85</load_address>
         <run_address>0x1c85</run_address>
         <size>0x6bd</size>
         <input_file_ref idref="fl-1"/>
      </object_component>
      <object_component id="oc-6d">
         <name>.debug_info</name>
         <load_address>0x2342</load_address>
         <run_address>0x2342</run_address>
         <size>0x26b</size>
         <input_file_ref idref="fl-1"/>
      </object_component>
      <object_component id="oc-af">
         <name>.debug_info</name>
         <load_address>0x25ad</load_address>
         <run_address>0x25ad</run_address>
         <size>0x8b</size>
         <input_file_ref idref="fl-1"/>
      </object_component>
      <object_component id="oc-227">
         <name>.debug_info</name>
         <load_address>0x2638</load_address>
         <run_address>0x2638</run_address>
         <size>0x39</size>
         <input_file_ref idref="fl-1"/>
      </object_component>
      <object_component id="oc-aa">
         <name>.debug_info</name>
         <load_address>0x2671</load_address>
         <run_address>0x2671</run_address>
         <size>0x297</size>
         <input_file_ref idref="fl-1"/>
      </object_component>
      <object_component id="oc-72">
         <name>.debug_info</name>
         <load_address>0x2908</load_address>
         <run_address>0x2908</run_address>
         <size>0xbb</size>
         <input_file_ref idref="fl-1"/>
      </object_component>
      <object_component id="oc-122">
         <name>.debug_info</name>
         <load_address>0x29c3</load_address>
         <run_address>0x29c3</run_address>
         <size>0x80b</size>
         <input_file_ref idref="fl-2"/>
      </object_component>
      <object_component id="oc-99">
         <name>.debug_info</name>
         <load_address>0x31ce</load_address>
         <run_address>0x31ce</run_address>
         <size>0x3eb</size>
         <input_file_ref idref="fl-2"/>
      </object_component>
      <object_component id="oc-1d8">
         <name>.debug_info</name>
         <load_address>0x35b9</load_address>
         <run_address>0x35b9</run_address>
         <size>0xc6</size>
         <input_file_ref idref="fl-2"/>
      </object_component>
      <object_component id="oc-1dd">
         <name>.debug_info</name>
         <load_address>0x367f</load_address>
         <run_address>0x367f</run_address>
         <size>0x35</size>
         <input_file_ref idref="fl-2"/>
      </object_component>
      <object_component id="oc-2c">
         <name>.debug_info</name>
         <load_address>0x36b4</load_address>
         <run_address>0x36b4</run_address>
         <size>0x2a7</size>
         <input_file_ref idref="fl-3"/>
      </object_component>
      <object_component id="oc-10">
         <name>.debug_info</name>
         <load_address>0x395b</load_address>
         <run_address>0x395b</run_address>
         <size>0xe6</size>
         <input_file_ref idref="fl-3"/>
      </object_component>
      <object_component id="oc-25">
         <name>.debug_info</name>
         <load_address>0x3a41</load_address>
         <run_address>0x3a41</run_address>
         <size>0x262</size>
         <input_file_ref idref="fl-3"/>
      </object_component>
      <object_component id="oc-33">
         <name>.debug_info</name>
         <load_address>0x3ca3</load_address>
         <run_address>0x3ca3</run_address>
         <size>0x84</size>
         <input_file_ref idref="fl-3"/>
      </object_component>
      <object_component id="oc-21e">
         <name>.debug_info</name>
         <load_address>0x3d27</load_address>
         <run_address>0x3d27</run_address>
         <size>0x230</size>
         <input_file_ref idref="fl-a"/>
      </object_component>
      <object_component id="oc-185">
         <name>.debug_info</name>
         <load_address>0x3f57</load_address>
         <run_address>0x3f57</run_address>
         <size>0x2a3</size>
         <input_file_ref idref="fl-a"/>
      </object_component>
      <object_component id="oc-218">
         <name>.debug_info</name>
         <load_address>0x41fa</load_address>
         <run_address>0x41fa</run_address>
         <size>0x2b3</size>
         <input_file_ref idref="fl-a"/>
      </object_component>
      <object_component id="oc-212">
         <name>.debug_info</name>
         <load_address>0x44ad</load_address>
         <run_address>0x44ad</run_address>
         <size>0x316</size>
         <input_file_ref idref="fl-a"/>
      </object_component>
      <object_component id="oc-179">
         <name>.debug_info</name>
         <load_address>0x47c3</load_address>
         <run_address>0x47c3</run_address>
         <size>0x2b7</size>
         <input_file_ref idref="fl-a"/>
      </object_component>
      <object_component id="oc-172">
         <name>.debug_info</name>
         <load_address>0x4a7a</load_address>
         <run_address>0x4a7a</run_address>
         <size>0x18b</size>
         <input_file_ref idref="fl-a"/>
      </object_component>
      <object_component id="oc-177">
         <name>.debug_info</name>
         <load_address>0x4c05</load_address>
         <run_address>0x4c05</run_address>
         <size>0x298</size>
         <input_file_ref idref="fl-c"/>
      </object_component>
      <object_component id="oc-222">
         <name>.debug_info</name>
         <load_address>0x4e9d</load_address>
         <run_address>0x4e9d</run_address>
         <size>0x14d</size>
         <input_file_ref idref="fl-c"/>
      </object_component>
      <object_component id="oc-17f">
         <name>.debug_info</name>
         <load_address>0x4fea</load_address>
         <run_address>0x4fea</run_address>
         <size>0x27d</size>
         <input_file_ref idref="fl-c"/>
      </object_component>
      <object_component id="oc-c6">
         <name>.debug_info</name>
         <load_address>0x5267</load_address>
         <run_address>0x5267</run_address>
         <size>0x2db</size>
         <input_file_ref idref="fl-c"/>
      </object_component>
      <object_component id="oc-18b">
         <name>.debug_info</name>
         <load_address>0x5542</load_address>
         <run_address>0x5542</run_address>
         <size>0x2b5</size>
         <input_file_ref idref="fl-c"/>
      </object_component>
      <object_component id="oc-20c">
         <name>.debug_info</name>
         <load_address>0x57f7</load_address>
         <run_address>0x57f7</run_address>
         <size>0x5f</size>
         <input_file_ref idref="fl-c"/>
      </object_component>
      <object_component id="oc-112">
         <name>.debug_info</name>
         <load_address>0x5856</load_address>
         <run_address>0x5856</run_address>
         <size>0x144</size>
         <input_file_ref idref="fl-c3"/>
      </object_component>
      <object_component id="oc-107">
         <name>.debug_info</name>
         <load_address>0x599a</load_address>
         <run_address>0x599a</run_address>
         <size>0x132</size>
         <input_file_ref idref="fl-c4"/>
      </object_component>
      <object_component id="oc-117">
         <name>.debug_info</name>
         <load_address>0x5acc</load_address>
         <run_address>0x5acc</run_address>
         <size>0x126</size>
         <input_file_ref idref="fl-c5"/>
      </object_component>
      <object_component id="oc-102">
         <name>.debug_info</name>
         <load_address>0x5bf2</load_address>
         <run_address>0x5bf2</run_address>
         <size>0x126</size>
         <input_file_ref idref="fl-c6"/>
      </object_component>
      <object_component id="oc-8b">
         <name>.debug_info</name>
         <load_address>0x5d18</load_address>
         <run_address>0x5d18</run_address>
         <size>0x313</size>
         <input_file_ref idref="fl-c7"/>
      </object_component>
      <object_component id="oc-45">
         <name>.debug_info</name>
         <load_address>0x602b</load_address>
         <run_address>0x602b</run_address>
         <size>0x1b4</size>
         <input_file_ref idref="fl-c7"/>
      </object_component>
      <object_component id="oc-86">
         <name>.debug_info</name>
         <load_address>0x61df</load_address>
         <run_address>0x61df</run_address>
         <size>0x46</size>
         <input_file_ref idref="fl-c7"/>
      </object_component>
      <object_component id="oc-bc">
         <name>.debug_info</name>
         <load_address>0x6225</load_address>
         <run_address>0x6225</run_address>
         <size>0x2c</size>
         <input_file_ref idref="fl-c7"/>
      </object_component>
      <object_component id="oc-43">
         <name>.debug_info</name>
         <load_address>0x6251</load_address>
         <run_address>0x6251</run_address>
         <size>0x29d</size>
         <input_file_ref idref="fl-c8"/>
      </object_component>
      <object_component id="oc-19">
         <name>.debug_info</name>
         <load_address>0x64ee</load_address>
         <run_address>0x64ee</run_address>
         <size>0x1df</size>
         <input_file_ref idref="fl-c8"/>
      </object_component>
      <object_component id="oc-3e">
         <name>.debug_info</name>
         <load_address>0x66cd</load_address>
         <run_address>0x66cd</run_address>
         <size>0x46</size>
         <input_file_ref idref="fl-c8"/>
      </object_component>
      <object_component id="oc-7e">
         <name>.debug_info</name>
         <load_address>0x6713</load_address>
         <run_address>0x6713</run_address>
         <size>0x2c</size>
         <input_file_ref idref="fl-c8"/>
      </object_component>
      <object_component id="oc-7c">
         <name>.debug_info</name>
         <load_address>0x673f</load_address>
         <run_address>0x673f</run_address>
         <size>0x293</size>
         <input_file_ref idref="fl-c9"/>
      </object_component>
      <object_component id="oc-13">
         <name>.debug_info</name>
         <load_address>0x69d2</load_address>
         <run_address>0x69d2</run_address>
         <size>0x245</size>
         <input_file_ref idref="fl-c9"/>
      </object_component>
      <object_component id="oc-2e">
         <name>.debug_info</name>
         <load_address>0x6c17</load_address>
         <run_address>0x6c17</run_address>
         <size>0x60</size>
         <input_file_ref idref="fl-c9"/>
      </object_component>
      <object_component id="oc-b5">
         <name>.debug_info</name>
         <load_address>0x6c77</load_address>
         <run_address>0x6c77</run_address>
         <size>0x46</size>
         <input_file_ref idref="fl-c9"/>
      </object_component>
      <object_component id="oc-77">
         <name>.debug_info</name>
         <load_address>0x6cbd</load_address>
         <run_address>0x6cbd</run_address>
         <size>0x39</size>
         <input_file_ref idref="fl-c9"/>
      </object_component>
      <object_component id="oc-22">
         <name>.debug_info</name>
         <load_address>0x6cf6</load_address>
         <run_address>0x6cf6</run_address>
         <size>0x100</size>
         <input_file_ref idref="fl-ca"/>
      </object_component>
      <object_component id="oc-57">
         <name>.debug_info</name>
         <load_address>0x6df6</load_address>
         <run_address>0x6df6</run_address>
         <size>0x1a4</size>
         <input_file_ref idref="fl-ca"/>
      </object_component>
      <object_component id="oc-131">
         <name>.debug_info</name>
         <load_address>0x6f9a</load_address>
         <run_address>0x6f9a</run_address>
         <size>0x117</size>
         <input_file_ref idref="fl-cb"/>
      </object_component>
      <object_component id="oc-39">
         <name>.debug_info</name>
         <load_address>0x70b1</load_address>
         <run_address>0x70b1</run_address>
         <size>0x111</size>
         <input_file_ref idref="fl-ce"/>
      </object_component>
      <object_component id="oc-1f5">
         <name>.debug_info</name>
         <load_address>0x71c2</load_address>
         <run_address>0x71c2</run_address>
         <size>0x547</size>
         <input_file_ref idref="fl-d0"/>
      </object_component>
      <object_component id="oc-13d">
         <name>.debug_info</name>
         <load_address>0x7709</load_address>
         <run_address>0x7709</run_address>
         <size>0x19b</size>
         <input_file_ref idref="fl-d0"/>
      </object_component>
      <object_component id="oc-270">
         <name>.debug_info</name>
         <load_address>0x78a4</load_address>
         <run_address>0x78a4</run_address>
         <size>0x39</size>
         <input_file_ref idref="fl-d0"/>
      </object_component>
      <object_component id="oc-290">
         <name>.debug_info</name>
         <load_address>0x78dd</load_address>
         <run_address>0x78dd</run_address>
         <size>0x39</size>
         <input_file_ref idref="fl-d0"/>
      </object_component>
      <object_component id="oc-275">
         <name>.debug_info</name>
         <load_address>0x7916</load_address>
         <run_address>0x7916</run_address>
         <size>0x39</size>
         <input_file_ref idref="fl-d0"/>
      </object_component>
      <object_component id="oc-27a">
         <name>.debug_info</name>
         <load_address>0x794f</load_address>
         <run_address>0x794f</run_address>
         <size>0xcd</size>
         <input_file_ref idref="fl-d0"/>
      </object_component>
      <object_component id="oc-93">
         <name>.debug_info</name>
         <load_address>0x7a1c</load_address>
         <run_address>0x7a1c</run_address>
         <size>0x148</size>
         <input_file_ref idref="fl-d1"/>
      </object_component>
      <object_component id="oc-1b0">
         <name>.debug_info</name>
         <load_address>0x7b64</load_address>
         <run_address>0x7b64</run_address>
         <size>0x393</size>
         <input_file_ref idref="fl-d3"/>
      </object_component>
      <object_component id="oc-ea">
         <name>.debug_info</name>
         <load_address>0x7ef7</load_address>
         <run_address>0x7ef7</run_address>
         <size>0x400</size>
         <input_file_ref idref="fl-d3"/>
      </object_component>
      <object_component id="oc-e4">
         <name>.debug_info</name>
         <load_address>0x82f7</load_address>
         <run_address>0x82f7</run_address>
         <size>0x356</size>
         <input_file_ref idref="fl-d3"/>
      </object_component>
      <object_component id="oc-1a3">
         <name>.debug_info</name>
         <load_address>0x864d</load_address>
         <run_address>0x864d</run_address>
         <size>0x6bd</size>
         <input_file_ref idref="fl-d3"/>
      </object_component>
      <object_component id="oc-19e">
         <name>.debug_info</name>
         <load_address>0x8d0a</load_address>
         <run_address>0x8d0a</run_address>
         <size>0x464</size>
         <input_file_ref idref="fl-d4"/>
      </object_component>
      <object_component id="oc-19b">
         <name>.debug_info</name>
         <load_address>0x916e</load_address>
         <run_address>0x916e</run_address>
         <size>0x167</size>
         <input_file_ref idref="fl-d4"/>
      </object_component>
      <object_component id="oc-d2">
         <name>.debug_info</name>
         <load_address>0x92d5</load_address>
         <run_address>0x92d5</run_address>
         <size>0x27d</size>
         <input_file_ref idref="fl-d4"/>
      </object_component>
      <object_component id="oc-1b3">
         <name>.debug_info</name>
         <load_address>0x9552</load_address>
         <run_address>0x9552</run_address>
         <size>0x364</size>
         <input_file_ref idref="fl-d5"/>
      </object_component>
      <object_component id="oc-1a9">
         <name>.debug_info</name>
         <load_address>0x98b6</load_address>
         <run_address>0x98b6</run_address>
         <size>0x2c2</size>
         <input_file_ref idref="fl-d5"/>
      </object_component>
      <object_component id="oc-f0">
         <name>.debug_info</name>
         <load_address>0x9b78</load_address>
         <run_address>0x9b78</run_address>
         <size>0x2c2</size>
         <input_file_ref idref="fl-d5"/>
      </object_component>
      <object_component id="oc-1a2">
         <name>.debug_info</name>
         <load_address>0x9e3a</load_address>
         <run_address>0x9e3a</run_address>
         <size>0x3d9</size>
         <input_file_ref idref="fl-d6"/>
      </object_component>
      <object_component id="oc-d8">
         <name>.debug_info</name>
         <load_address>0xa213</load_address>
         <run_address>0xa213</run_address>
         <size>0x284</size>
         <input_file_ref idref="fl-d6"/>
      </object_component>
      <object_component id="oc-de">
         <name>.debug_info</name>
         <load_address>0xa497</load_address>
         <run_address>0xa497</run_address>
         <size>0x2b1</size>
         <input_file_ref idref="fl-d6"/>
      </object_component>
      <object_component id="oc-1bb">
         <name>.debug_info</name>
         <load_address>0xa748</load_address>
         <run_address>0xa748</run_address>
         <size>0x51c</size>
         <input_file_ref idref="fl-d7"/>
      </object_component>
      <object_component id="oc-1be">
         <name>.debug_info</name>
         <load_address>0xac64</load_address>
         <run_address>0xac64</run_address>
         <size>0x2fe</size>
         <input_file_ref idref="fl-d7"/>
      </object_component>
      <object_component id="oc-24f">
         <name>.debug_info</name>
         <load_address>0xaf62</load_address>
         <run_address>0xaf62</run_address>
         <size>0x315</size>
         <input_file_ref idref="fl-d7"/>
      </object_component>
      <object_component id="oc-255">
         <name>.debug_info</name>
         <load_address>0xb277</load_address>
         <run_address>0xb277</run_address>
         <size>0x34b</size>
         <input_file_ref idref="fl-d7"/>
      </object_component>
      <object_component id="oc-1c4">
         <name>.debug_info</name>
         <load_address>0xb5c2</load_address>
         <run_address>0xb5c2</run_address>
         <size>0x2cc</size>
         <input_file_ref idref="fl-d7"/>
      </object_component>
      <object_component id="oc-1ca">
         <name>.debug_info</name>
         <load_address>0xb88e</load_address>
         <run_address>0xb88e</run_address>
         <size>0x341</size>
         <input_file_ref idref="fl-d7"/>
      </object_component>
      <object_component id="oc-fc">
         <name>.debug_info</name>
         <load_address>0xbbcf</load_address>
         <run_address>0xbbcf</run_address>
         <size>0x450</size>
         <input_file_ref idref="fl-d7"/>
      </object_component>
      <object_component id="oc-11c">
         <name>.debug_info</name>
         <load_address>0xc01f</load_address>
         <run_address>0xc01f</run_address>
         <size>0x2b7</size>
         <input_file_ref idref="fl-d7"/>
      </object_component>
      <object_component id="oc-245">
         <name>.debug_info</name>
         <load_address>0xc2d6</load_address>
         <run_address>0xc2d6</run_address>
         <size>0x254</size>
         <input_file_ref idref="fl-d7"/>
      </object_component>
      <object_component id="oc-1b5">
         <name>.debug_info</name>
         <load_address>0xc52a</load_address>
         <run_address>0xc52a</run_address>
         <size>0x2b6</size>
         <input_file_ref idref="fl-d7"/>
      </object_component>
      <object_component id="oc-22d">
         <name>.debug_info</name>
         <load_address>0xc7e0</load_address>
         <run_address>0xc7e0</run_address>
         <size>0x47f</size>
         <input_file_ref idref="fl-d7"/>
      </object_component>
      <object_component id="oc-10c">
         <name>.debug_info</name>
         <load_address>0xcc5f</load_address>
         <run_address>0xcc5f</run_address>
         <size>0x2c0</size>
         <input_file_ref idref="fl-d7"/>
      </object_component>
      <object_component id="oc-195">
         <name>.debug_info</name>
         <load_address>0xcf1f</load_address>
         <run_address>0xcf1f</run_address>
         <size>0x4bd</size>
         <input_file_ref idref="fl-d7"/>
      </object_component>
      <object_component id="oc-f6">
         <name>.debug_info</name>
         <load_address>0xd3dc</load_address>
         <run_address>0xd3dc</run_address>
         <size>0x28d</size>
         <input_file_ref idref="fl-d7"/>
      </object_component>
      <object_component id="oc-1e9">
         <name>.debug_info</name>
         <load_address>0xd669</load_address>
         <run_address>0xd669</run_address>
         <size>0x35f</size>
         <input_file_ref idref="fl-d8"/>
      </object_component>
      <object_component id="oc-1e5">
         <name>.debug_info</name>
         <load_address>0xd9c8</load_address>
         <run_address>0xd9c8</run_address>
         <size>0x154</size>
         <input_file_ref idref="fl-d8"/>
      </object_component>
      <object_component id="oc-128">
         <name>.debug_info</name>
         <load_address>0xdb1c</load_address>
         <run_address>0xdb1c</run_address>
         <size>0x14f</size>
         <input_file_ref idref="fl-d8"/>
      </object_component>
      <object_component id="oc-289">
         <name>.debug_info</name>
         <load_address>0xdc6b</load_address>
         <run_address>0xdc6b</run_address>
         <size>0x3cd</size>
         <input_file_ref idref="fl-d9"/>
      </object_component>
      <object_component id="oc-234">
         <name>.debug_info</name>
         <load_address>0xe038</load_address>
         <run_address>0xe038</run_address>
         <size>0x2b1</size>
         <input_file_ref idref="fl-d9"/>
      </object_component>
      <object_component id="oc-2ca">
         <name>.debug_info</name>
         <load_address>0xe2e9</load_address>
         <run_address>0xe2e9</run_address>
         <size>0x9c</size>
      </object_component>
      <object_component id="oc-16f">
         <name>.debug_line</name>
         <load_address>0x0</load_address>
         <run_address>0x0</run_address>
         <size>0xa2</size>
         <input_file_ref idref="fl-1"/>
      </object_component>
      <object_component id="oc-226">
         <name>.debug_line</name>
         <load_address>0xa2</load_address>
         <run_address>0xa2</run_address>
         <size>0x46</size>
         <input_file_ref idref="fl-1"/>
      </object_component>
      <object_component id="oc-1e3">
         <name>.debug_line</name>
         <load_address>0xe8</load_address>
         <run_address>0xe8</run_address>
         <size>0x46</size>
         <input_file_ref idref="fl-1"/>
      </object_component>
      <object_component id="oc-cf">
         <name>.debug_line</name>
         <load_address>0x12e</load_address>
         <run_address>0x12e</run_address>
         <size>0x433</size>
         <input_file_ref idref="fl-1"/>
      </object_component>
      <object_component id="oc-12e">
         <name>.debug_line</name>
         <load_address>0x561</load_address>
         <run_address>0x561</run_address>
         <size>0x5d</size>
         <input_file_ref idref="fl-1"/>
      </object_component>
      <object_component id="oc-70">
         <name>.debug_line</name>
         <load_address>0x5be</load_address>
         <run_address>0x5be</run_address>
         <size>0x73</size>
         <input_file_ref idref="fl-1"/>
      </object_component>
      <object_component id="oc-b2">
         <name>.debug_line</name>
         <load_address>0x631</load_address>
         <run_address>0x631</run_address>
         <size>0x20</size>
         <input_file_ref idref="fl-1"/>
      </object_component>
      <object_component id="oc-22a">
         <name>.debug_line</name>
         <load_address>0x651</load_address>
         <run_address>0x651</run_address>
         <size>0x46</size>
         <input_file_ref idref="fl-1"/>
      </object_component>
      <object_component id="oc-ad">
         <name>.debug_line</name>
         <load_address>0x697</load_address>
         <run_address>0x697</run_address>
         <size>0x77</size>
         <input_file_ref idref="fl-1"/>
      </object_component>
      <object_component id="oc-75">
         <name>.debug_line</name>
         <load_address>0x70e</load_address>
         <run_address>0x70e</run_address>
         <size>0x74</size>
         <input_file_ref idref="fl-1"/>
      </object_component>
      <object_component id="oc-1d7">
         <name>.debug_line</name>
         <load_address>0x782</load_address>
         <run_address>0x782</run_address>
         <size>0xd2</size>
         <input_file_ref idref="fl-2"/>
      </object_component>
      <object_component id="oc-9c">
         <name>.debug_line</name>
         <load_address>0x854</load_address>
         <run_address>0x854</run_address>
         <size>0x6a</size>
         <input_file_ref idref="fl-2"/>
      </object_component>
      <object_component id="oc-1db">
         <name>.debug_line</name>
         <load_address>0x8be</load_address>
         <run_address>0x8be</run_address>
         <size>0x5e</size>
         <input_file_ref idref="fl-2"/>
      </object_component>
      <object_component id="oc-1e0">
         <name>.debug_line</name>
         <load_address>0x91c</load_address>
         <run_address>0x91c</run_address>
         <size>0x76</size>
         <input_file_ref idref="fl-2"/>
      </object_component>
      <object_component id="oc-6c">
         <name>.debug_line</name>
         <load_address>0x992</load_address>
         <run_address>0x992</run_address>
         <size>0x41</size>
         <input_file_ref idref="fl-3"/>
      </object_component>
      <object_component id="oc-2b">
         <name>.debug_line</name>
         <load_address>0x9d3</load_address>
         <run_address>0x9d3</run_address>
         <size>0x41</size>
         <input_file_ref idref="fl-3"/>
      </object_component>
      <object_component id="oc-28">
         <name>.debug_line</name>
         <load_address>0xa14</load_address>
         <run_address>0xa14</run_address>
         <size>0xa1</size>
         <input_file_ref idref="fl-3"/>
      </object_component>
      <object_component id="oc-36">
         <name>.debug_line</name>
         <load_address>0xab5</load_address>
         <run_address>0xab5</run_address>
         <size>0x20</size>
         <input_file_ref idref="fl-3"/>
      </object_component>
      <object_component id="oc-284">
         <name>.debug_line</name>
         <load_address>0xad5</load_address>
         <run_address>0xad5</run_address>
         <size>0x82</size>
         <input_file_ref idref="fl-a"/>
      </object_component>
      <object_component id="oc-188">
         <name>.debug_line</name>
         <load_address>0xb57</load_address>
         <run_address>0xb57</run_address>
         <size>0x92</size>
         <input_file_ref idref="fl-a"/>
      </object_component>
      <object_component id="oc-21b">
         <name>.debug_line</name>
         <load_address>0xbe9</load_address>
         <run_address>0xbe9</run_address>
         <size>0x95</size>
         <input_file_ref idref="fl-a"/>
      </object_component>
      <object_component id="oc-215">
         <name>.debug_line</name>
         <load_address>0xc7e</load_address>
         <run_address>0xc7e</run_address>
         <size>0xd1</size>
         <input_file_ref idref="fl-a"/>
      </object_component>
      <object_component id="oc-17c">
         <name>.debug_line</name>
         <load_address>0xd4f</load_address>
         <run_address>0xd4f</run_address>
         <size>0x99</size>
         <input_file_ref idref="fl-a"/>
      </object_component>
      <object_component id="oc-175">
         <name>.debug_line</name>
         <load_address>0xde8</load_address>
         <run_address>0xde8</run_address>
         <size>0x69</size>
         <input_file_ref idref="fl-a"/>
      </object_component>
      <object_component id="oc-20b">
         <name>.debug_line</name>
         <load_address>0xe51</load_address>
         <run_address>0xe51</run_address>
         <size>0x13d</size>
         <input_file_ref idref="fl-c"/>
      </object_component>
      <object_component id="oc-286">
         <name>.debug_line</name>
         <load_address>0xf8e</load_address>
         <run_address>0xf8e</run_address>
         <size>0x7f</size>
         <input_file_ref idref="fl-c"/>
      </object_component>
      <object_component id="oc-182">
         <name>.debug_line</name>
         <load_address>0x100d</load_address>
         <run_address>0x100d</run_address>
         <size>0x94</size>
         <input_file_ref idref="fl-c"/>
      </object_component>
      <object_component id="oc-c9">
         <name>.debug_line</name>
         <load_address>0x10a1</load_address>
         <run_address>0x10a1</run_address>
         <size>0xee</size>
         <input_file_ref idref="fl-c"/>
      </object_component>
      <object_component id="oc-18e">
         <name>.debug_line</name>
         <load_address>0x118f</load_address>
         <run_address>0x118f</run_address>
         <size>0x11a</size>
         <input_file_ref idref="fl-c"/>
      </object_component>
      <object_component id="oc-20f">
         <name>.debug_line</name>
         <load_address>0x12a9</load_address>
         <run_address>0x12a9</run_address>
         <size>0x7f</size>
         <input_file_ref idref="fl-c"/>
      </object_component>
      <object_component id="oc-115">
         <name>.debug_line</name>
         <load_address>0x1328</load_address>
         <run_address>0x1328</run_address>
         <size>0xd2</size>
         <input_file_ref idref="fl-c3"/>
      </object_component>
      <object_component id="oc-10a">
         <name>.debug_line</name>
         <load_address>0x13fa</load_address>
         <run_address>0x13fa</run_address>
         <size>0xa8</size>
         <input_file_ref idref="fl-c4"/>
      </object_component>
      <object_component id="oc-11a">
         <name>.debug_line</name>
         <load_address>0x14a2</load_address>
         <run_address>0x14a2</run_address>
         <size>0x5a</size>
         <input_file_ref idref="fl-c5"/>
      </object_component>
      <object_component id="oc-105">
         <name>.debug_line</name>
         <load_address>0x14fc</load_address>
         <run_address>0x14fc</run_address>
         <size>0x4c</size>
         <input_file_ref idref="fl-c6"/>
      </object_component>
      <object_component id="oc-c2">
         <name>.debug_line</name>
         <load_address>0x1548</load_address>
         <run_address>0x1548</run_address>
         <size>0x9e</size>
         <input_file_ref idref="fl-c7"/>
      </object_component>
      <object_component id="oc-48">
         <name>.debug_line</name>
         <load_address>0x15e6</load_address>
         <run_address>0x15e6</run_address>
         <size>0x4f</size>
         <input_file_ref idref="fl-c7"/>
      </object_component>
      <object_component id="oc-89">
         <name>.debug_line</name>
         <load_address>0x1635</load_address>
         <run_address>0x1635</run_address>
         <size>0x34</size>
         <input_file_ref idref="fl-c7"/>
      </object_component>
      <object_component id="oc-bf">
         <name>.debug_line</name>
         <load_address>0x1669</load_address>
         <run_address>0x1669</run_address>
         <size>0x8a</size>
         <input_file_ref idref="fl-c7"/>
      </object_component>
      <object_component id="oc-84">
         <name>.debug_line</name>
         <load_address>0x16f3</load_address>
         <run_address>0x16f3</run_address>
         <size>0x20</size>
         <input_file_ref idref="fl-c8"/>
      </object_component>
      <object_component id="oc-1c">
         <name>.debug_line</name>
         <load_address>0x1713</load_address>
         <run_address>0x1713</run_address>
         <size>0x55</size>
         <input_file_ref idref="fl-c8"/>
      </object_component>
      <object_component id="oc-41">
         <name>.debug_line</name>
         <load_address>0x1768</load_address>
         <run_address>0x1768</run_address>
         <size>0x3a</size>
         <input_file_ref idref="fl-c8"/>
      </object_component>
      <object_component id="oc-81">
         <name>.debug_line</name>
         <load_address>0x17a2</load_address>
         <run_address>0x17a2</run_address>
         <size>0x8a</size>
         <input_file_ref idref="fl-c8"/>
      </object_component>
      <object_component id="oc-bb">
         <name>.debug_line</name>
         <load_address>0x182c</load_address>
         <run_address>0x182c</run_address>
         <size>0x20</size>
         <input_file_ref idref="fl-c9"/>
      </object_component>
      <object_component id="oc-16">
         <name>.debug_line</name>
         <load_address>0x184c</load_address>
         <run_address>0x184c</run_address>
         <size>0xa9</size>
         <input_file_ref idref="fl-c9"/>
      </object_component>
      <object_component id="oc-31">
         <name>.debug_line</name>
         <load_address>0x18f5</load_address>
         <run_address>0x18f5</run_address>
         <size>0x3a</size>
         <input_file_ref idref="fl-c9"/>
      </object_component>
      <object_component id="oc-b8">
         <name>.debug_line</name>
         <load_address>0x192f</load_address>
         <run_address>0x192f</run_address>
         <size>0x92</size>
         <input_file_ref idref="fl-c9"/>
      </object_component>
      <object_component id="oc-7a">
         <name>.debug_line</name>
         <load_address>0x19c1</load_address>
         <run_address>0x19c1</run_address>
         <size>0x8e</size>
         <input_file_ref idref="fl-c9"/>
      </object_component>
      <object_component id="oc-69">
         <name>.debug_line</name>
         <load_address>0x1a4f</load_address>
         <run_address>0x1a4f</run_address>
         <size>0x33</size>
         <input_file_ref idref="fl-ca"/>
      </object_component>
      <object_component id="oc-5a">
         <name>.debug_line</name>
         <load_address>0x1a82</load_address>
         <run_address>0x1a82</run_address>
         <size>0x56</size>
         <input_file_ref idref="fl-ca"/>
      </object_component>
      <object_component id="oc-134">
         <name>.debug_line</name>
         <load_address>0x1ad8</load_address>
         <run_address>0x1ad8</run_address>
         <size>0x3c</size>
         <input_file_ref idref="fl-cb"/>
      </object_component>
      <object_component id="oc-3c">
         <name>.debug_line</name>
         <load_address>0x1b14</load_address>
         <run_address>0x1b14</run_address>
         <size>0x88</size>
         <input_file_ref idref="fl-ce"/>
      </object_component>
      <object_component id="oc-26f">
         <name>.debug_line</name>
         <load_address>0x1b9c</load_address>
         <run_address>0x1b9c</run_address>
         <size>0xb7</size>
         <input_file_ref idref="fl-d0"/>
      </object_component>
      <object_component id="oc-140">
         <name>.debug_line</name>
         <load_address>0x1c53</load_address>
         <run_address>0x1c53</run_address>
         <size>0x6c</size>
         <input_file_ref idref="fl-d0"/>
      </object_component>
      <object_component id="oc-273">
         <name>.debug_line</name>
         <load_address>0x1cbf</load_address>
         <run_address>0x1cbf</run_address>
         <size>0x2e</size>
         <input_file_ref idref="fl-d0"/>
      </object_component>
      <object_component id="oc-293">
         <name>.debug_line</name>
         <load_address>0x1ced</load_address>
         <run_address>0x1ced</run_address>
         <size>0x92</size>
         <input_file_ref idref="fl-d0"/>
      </object_component>
      <object_component id="oc-278">
         <name>.debug_line</name>
         <load_address>0x1d7f</load_address>
         <run_address>0x1d7f</run_address>
         <size>0x8f</size>
         <input_file_ref idref="fl-d0"/>
      </object_component>
      <object_component id="oc-27d">
         <name>.debug_line</name>
         <load_address>0x1e0e</load_address>
         <run_address>0x1e0e</run_address>
         <size>0x8b</size>
         <input_file_ref idref="fl-d0"/>
      </object_component>
      <object_component id="oc-96">
         <name>.debug_line</name>
         <load_address>0x1e99</load_address>
         <run_address>0x1e99</run_address>
         <size>0x40</size>
         <input_file_ref idref="fl-d1"/>
      </object_component>
      <object_component id="oc-241">
         <name>.debug_line</name>
         <load_address>0x1ed9</load_address>
         <run_address>0x1ed9</run_address>
         <size>0x7a</size>
         <input_file_ref idref="fl-d3"/>
      </object_component>
      <object_component id="oc-ed">
         <name>.debug_line</name>
         <load_address>0x1f53</load_address>
         <run_address>0x1f53</run_address>
         <size>0x12a</size>
         <input_file_ref idref="fl-d3"/>
      </object_component>
      <object_component id="oc-e7">
         <name>.debug_line</name>
         <load_address>0x207d</load_address>
         <run_address>0x207d</run_address>
         <size>0x121</size>
         <input_file_ref idref="fl-d3"/>
      </object_component>
      <object_component id="oc-1a6">
         <name>.debug_line</name>
         <load_address>0x219e</load_address>
         <run_address>0x219e</run_address>
         <size>0x7a</size>
         <input_file_ref idref="fl-d3"/>
      </object_component>
      <object_component id="oc-23c">
         <name>.debug_line</name>
         <load_address>0x2218</load_address>
         <run_address>0x2218</run_address>
         <size>0xd6</size>
         <input_file_ref idref="fl-d4"/>
      </object_component>
      <object_component id="oc-23a">
         <name>.debug_line</name>
         <load_address>0x22ee</load_address>
         <run_address>0x22ee</run_address>
         <size>0x7c</size>
         <input_file_ref idref="fl-d4"/>
      </object_component>
      <object_component id="oc-d5">
         <name>.debug_line</name>
         <load_address>0x236a</load_address>
         <run_address>0x236a</run_address>
         <size>0xad</size>
         <input_file_ref idref="fl-d4"/>
      </object_component>
      <object_component id="oc-243">
         <name>.debug_line</name>
         <load_address>0x2417</load_address>
         <run_address>0x2417</run_address>
         <size>0x20</size>
         <input_file_ref idref="fl-d5"/>
      </object_component>
      <object_component id="oc-1ac">
         <name>.debug_line</name>
         <load_address>0x2437</load_address>
         <run_address>0x2437</run_address>
         <size>0xa4</size>
         <input_file_ref idref="fl-d5"/>
      </object_component>
      <object_component id="oc-f3">
         <name>.debug_line</name>
         <load_address>0x24db</load_address>
         <run_address>0x24db</run_address>
         <size>0xa3</size>
         <input_file_ref idref="fl-d5"/>
      </object_component>
      <object_component id="oc-23e">
         <name>.debug_line</name>
         <load_address>0x257e</load_address>
         <run_address>0x257e</run_address>
         <size>0x7a</size>
         <input_file_ref idref="fl-d6"/>
      </object_component>
      <object_component id="oc-db">
         <name>.debug_line</name>
         <load_address>0x25f8</load_address>
         <run_address>0x25f8</run_address>
         <size>0xc2</size>
         <input_file_ref idref="fl-d6"/>
      </object_component>
      <object_component id="oc-e1">
         <name>.debug_line</name>
         <load_address>0x26ba</load_address>
         <run_address>0x26ba</run_address>
         <size>0x9f</size>
         <input_file_ref idref="fl-d6"/>
      </object_component>
      <object_component id="oc-24c">
         <name>.debug_line</name>
         <load_address>0x2759</load_address>
         <run_address>0x2759</run_address>
         <size>0x7b</size>
         <input_file_ref idref="fl-d7"/>
      </object_component>
      <object_component id="oc-1c1">
         <name>.debug_line</name>
         <load_address>0x27d4</load_address>
         <run_address>0x27d4</run_address>
         <size>0x9b</size>
         <input_file_ref idref="fl-d7"/>
      </object_component>
      <object_component id="oc-252">
         <name>.debug_line</name>
         <load_address>0x286f</load_address>
         <run_address>0x286f</run_address>
         <size>0xb7</size>
         <input_file_ref idref="fl-d7"/>
      </object_component>
      <object_component id="oc-258">
         <name>.debug_line</name>
         <load_address>0x2926</load_address>
         <run_address>0x2926</run_address>
         <size>0xa4</size>
         <input_file_ref idref="fl-d7"/>
      </object_component>
      <object_component id="oc-1c7">
         <name>.debug_line</name>
         <load_address>0x29ca</load_address>
         <run_address>0x29ca</run_address>
         <size>0x92</size>
         <input_file_ref idref="fl-d7"/>
      </object_component>
      <object_component id="oc-1cd">
         <name>.debug_line</name>
         <load_address>0x2a5c</load_address>
         <run_address>0x2a5c</run_address>
         <size>0x9d</size>
         <input_file_ref idref="fl-d7"/>
      </object_component>
      <object_component id="oc-ff">
         <name>.debug_line</name>
         <load_address>0x2af9</load_address>
         <run_address>0x2af9</run_address>
         <size>0xbb</size>
         <input_file_ref idref="fl-d7"/>
      </object_component>
      <object_component id="oc-11f">
         <name>.debug_line</name>
         <load_address>0x2bb4</load_address>
         <run_address>0x2bb4</run_address>
         <size>0x90</size>
         <input_file_ref idref="fl-d7"/>
      </object_component>
      <object_component id="oc-248">
         <name>.debug_line</name>
         <load_address>0x2c44</load_address>
         <run_address>0x2c44</run_address>
         <size>0x9a</size>
         <input_file_ref idref="fl-d7"/>
      </object_component>
      <object_component id="oc-1b8">
         <name>.debug_line</name>
         <load_address>0x2cde</load_address>
         <run_address>0x2cde</run_address>
         <size>0xb7</size>
         <input_file_ref idref="fl-d7"/>
      </object_component>
      <object_component id="oc-230">
         <name>.debug_line</name>
         <load_address>0x2d95</load_address>
         <run_address>0x2d95</run_address>
         <size>0x1f6</size>
         <input_file_ref idref="fl-d7"/>
      </object_component>
      <object_component id="oc-10f">
         <name>.debug_line</name>
         <load_address>0x2f8b</load_address>
         <run_address>0x2f8b</run_address>
         <size>0x95</size>
         <input_file_ref idref="fl-d7"/>
      </object_component>
      <object_component id="oc-198">
         <name>.debug_line</name>
         <load_address>0x3020</load_address>
         <run_address>0x3020</run_address>
         <size>0xc6</size>
         <input_file_ref idref="fl-d7"/>
      </object_component>
      <object_component id="oc-f9">
         <name>.debug_line</name>
         <load_address>0x30e6</load_address>
         <run_address>0x30e6</run_address>
         <size>0x91</size>
         <input_file_ref idref="fl-d7"/>
      </object_component>
      <object_component id="oc-25f">
         <name>.debug_line</name>
         <load_address>0x3177</load_address>
         <run_address>0x3177</run_address>
         <size>0x20</size>
         <input_file_ref idref="fl-d8"/>
      </object_component>
      <object_component id="oc-25d">
         <name>.debug_line</name>
         <load_address>0x3197</load_address>
         <run_address>0x3197</run_address>
         <size>0x84</size>
         <input_file_ref idref="fl-d8"/>
      </object_component>
      <object_component id="oc-1e8">
         <name>.debug_line</name>
         <load_address>0x321b</load_address>
         <run_address>0x321b</run_address>
         <size>0x84</size>
         <input_file_ref idref="fl-d8"/>
      </object_component>
      <object_component id="oc-29d">
         <name>.debug_line</name>
         <load_address>0x329f</load_address>
         <run_address>0x329f</run_address>
         <size>0x20</size>
         <input_file_ref idref="fl-d9"/>
      </object_component>
      <object_component id="oc-237">
         <name>.debug_line</name>
         <load_address>0x32bf</load_address>
         <run_address>0x32bf</run_address>
         <size>0x92</size>
         <input_file_ref idref="fl-d9"/>
      </object_component>
      <object_component id="oc-d0">
         <name>.debug_frame</name>
         <load_address>0x0</load_address>
         <run_address>0x0</run_address>
         <size>0x1a0</size>
         <input_file_ref idref="fl-1"/>
      </object_component>
      <object_component id="oc-9d">
         <name>.debug_frame</name>
         <load_address>0x1a0</load_address>
         <run_address>0x1a0</run_address>
         <size>0x60</size>
         <input_file_ref idref="fl-2"/>
      </object_component>
      <object_component id="oc-29">
         <name>.debug_frame</name>
         <load_address>0x200</load_address>
         <run_address>0x200</run_address>
         <size>0x90</size>
         <input_file_ref idref="fl-3"/>
      </object_component>
      <object_component id="oc-189">
         <name>.debug_frame</name>
         <load_address>0x4f4</load_address>
         <run_address>0x4f4</run_address>
         <size>0x7f</size>
         <input_file_ref idref="fl-a"/>
      </object_component>
      <object_component id="oc-21c">
         <name>.debug_frame</name>
         <load_address>0x573</load_address>
         <run_address>0x573</run_address>
         <size>0x7f</size>
         <input_file_ref idref="fl-a"/>
      </object_component>
      <object_component id="oc-216">
         <name>.debug_frame</name>
         <load_address>0x5f2</load_address>
         <run_address>0x5f2</run_address>
         <size>0x8f</size>
         <input_file_ref idref="fl-a"/>
      </object_component>
      <object_component id="oc-17d">
         <name>.debug_frame</name>
         <load_address>0x681</load_address>
         <run_address>0x681</run_address>
         <size>0x8a</size>
         <input_file_ref idref="fl-a"/>
      </object_component>
      <object_component id="oc-183">
         <name>.debug_frame</name>
         <load_address>0x70b</load_address>
         <run_address>0x70b</run_address>
         <size>0x7f</size>
         <input_file_ref idref="fl-c"/>
      </object_component>
      <object_component id="oc-ca">
         <name>.debug_frame</name>
         <load_address>0x78a</load_address>
         <run_address>0x78a</run_address>
         <size>0x93</size>
         <input_file_ref idref="fl-c"/>
      </object_component>
      <object_component id="oc-18f">
         <name>.debug_frame</name>
         <load_address>0x81d</load_address>
         <run_address>0x81d</run_address>
         <size>0x8e</size>
         <input_file_ref idref="fl-c"/>
      </object_component>
      <object_component id="oc-49">
         <name>.debug_frame</name>
         <load_address>0x290</load_address>
         <run_address>0x290</run_address>
         <size>0x54</size>
         <input_file_ref idref="fl-c7"/>
      </object_component>
      <object_component id="oc-1d">
         <name>.debug_frame</name>
         <load_address>0x2e4</load_address>
         <run_address>0x2e4</run_address>
         <size>0x54</size>
         <input_file_ref idref="fl-c8"/>
      </object_component>
      <object_component id="oc-17">
         <name>.debug_frame</name>
         <load_address>0x338</load_address>
         <run_address>0x338</run_address>
         <size>0x60</size>
         <input_file_ref idref="fl-c9"/>
      </object_component>
      <object_component id="oc-5b">
         <name>.debug_frame</name>
         <load_address>0x398</load_address>
         <run_address>0x398</run_address>
         <size>0x58</size>
         <input_file_ref idref="fl-ca"/>
      </object_component>
      <object_component id="oc-135">
         <name>.debug_frame</name>
         <load_address>0x3f0</load_address>
         <run_address>0x3f0</run_address>
         <size>0x54</size>
         <input_file_ref idref="fl-cb"/>
      </object_component>
      <object_component id="oc-141">
         <name>.debug_frame</name>
         <load_address>0x444</load_address>
         <run_address>0x444</run_address>
         <size>0x5c</size>
         <input_file_ref idref="fl-d0"/>
      </object_component>
      <object_component id="oc-97">
         <name>.debug_frame</name>
         <load_address>0x4a0</load_address>
         <run_address>0x4a0</run_address>
         <size>0x54</size>
         <input_file_ref idref="fl-d1"/>
      </object_component>
      <object_component id="oc-ee">
         <name>.debug_frame</name>
         <load_address>0x8ab</load_address>
         <run_address>0x8ab</run_address>
         <size>0x97</size>
         <input_file_ref idref="fl-d3"/>
      </object_component>
      <object_component id="oc-e8">
         <name>.debug_frame</name>
         <load_address>0x942</load_address>
         <run_address>0x942</run_address>
         <size>0x97</size>
         <input_file_ref idref="fl-d3"/>
      </object_component>
      <object_component id="oc-d6">
         <name>.debug_frame</name>
         <load_address>0x9d9</load_address>
         <run_address>0x9d9</run_address>
         <size>0x86</size>
         <input_file_ref idref="fl-d4"/>
      </object_component>
      <object_component id="oc-1ad">
         <name>.debug_frame</name>
         <load_address>0xa5f</load_address>
         <run_address>0xa5f</run_address>
         <size>0x8a</size>
         <input_file_ref idref="fl-d5"/>
      </object_component>
      <object_component id="oc-f4">
         <name>.debug_frame</name>
         <load_address>0xae9</load_address>
         <run_address>0xae9</run_address>
         <size>0x8a</size>
         <input_file_ref idref="fl-d5"/>
      </object_component>
      <object_component id="oc-dc">
         <name>.debug_frame</name>
         <load_address>0xb73</load_address>
         <run_address>0xb73</run_address>
         <size>0x93</size>
         <input_file_ref idref="fl-d6"/>
      </object_component>
      <object_component id="oc-e2">
         <name>.debug_frame</name>
         <load_address>0xc06</load_address>
         <run_address>0xc06</run_address>
         <size>0x8a</size>
         <input_file_ref idref="fl-d6"/>
      </object_component>
      <object_component id="oc-1c2">
         <name>.debug_frame</name>
         <load_address>0xc90</load_address>
         <run_address>0xc90</run_address>
         <size>0x8e</size>
         <input_file_ref idref="fl-d7"/>
      </object_component>
      <object_component id="oc-253">
         <name>.debug_frame</name>
         <load_address>0xd1e</load_address>
         <run_address>0xd1e</run_address>
         <size>0x92</size>
         <input_file_ref idref="fl-d7"/>
      </object_component>
      <object_component id="oc-259">
         <name>.debug_frame</name>
         <load_address>0xdb0</load_address>
         <run_address>0xdb0</run_address>
         <size>0x8e</size>
         <input_file_ref idref="fl-d7"/>
      </object_component>
      <object_component id="oc-1c8">
         <name>.debug_frame</name>
         <load_address>0xe3e</load_address>
         <run_address>0xe3e</run_address>
         <size>0x8e</size>
         <input_file_ref idref="fl-d7"/>
      </object_component>
      <object_component id="oc-1ce">
         <name>.debug_frame</name>
         <load_address>0xecc</load_address>
         <run_address>0xecc</run_address>
         <size>0x92</size>
         <input_file_ref idref="fl-d7"/>
      </object_component>
      <object_component id="oc-100">
         <name>.debug_frame</name>
         <load_address>0xf5e</load_address>
         <run_address>0xf5e</run_address>
         <size>0x92</size>
         <input_file_ref idref="fl-d7"/>
      </object_component>
      <object_component id="oc-120">
         <name>.debug_frame</name>
         <load_address>0xff0</load_address>
         <run_address>0xff0</run_address>
         <size>0x8e</size>
         <input_file_ref idref="fl-d7"/>
      </object_component>
      <object_component id="oc-249">
         <name>.debug_frame</name>
         <load_address>0x107e</load_address>
         <run_address>0x107e</run_address>
         <size>0x8a</size>
         <input_file_ref idref="fl-d7"/>
      </object_component>
      <object_component id="oc-1b9">
         <name>.debug_frame</name>
         <load_address>0x1108</load_address>
         <run_address>0x1108</run_address>
         <size>0x8a</size>
         <input_file_ref idref="fl-d7"/>
      </object_component>
      <object_component id="oc-231">
         <name>.debug_frame</name>
         <load_address>0x1192</load_address>
         <run_address>0x1192</run_address>
         <size>0x9b</size>
         <input_file_ref idref="fl-d7"/>
      </object_component>
      <object_component id="oc-110">
         <name>.debug_frame</name>
         <load_address>0x122d</load_address>
         <run_address>0x122d</run_address>
         <size>0x8a</size>
         <input_file_ref idref="fl-d7"/>
      </object_component>
      <object_component id="oc-199">
         <name>.debug_frame</name>
         <load_address>0x12b7</load_address>
         <run_address>0x12b7</run_address>
         <size>0x99</size>
         <input_file_ref idref="fl-d7"/>
      </object_component>
      <object_component id="oc-fa">
         <name>.debug_frame</name>
         <load_address>0x1350</load_address>
         <run_address>0x1350</run_address>
         <size>0x7f</size>
         <input_file_ref idref="fl-d7"/>
      </object_component>
      <object_component id="oc-238">
         <name>.debug_frame</name>
         <load_address>0x13cf</load_address>
         <run_address>0x13cf</run_address>
         <size>0x7f</size>
         <input_file_ref idref="fl-d9"/>
      </object_component>
      <object_component id="oc-16e">
         <name>.debug_abbrev</name>
         <load_address>0x0</load_address>
         <run_address>0x0</run_address>
         <size>0xba</size>
         <input_file_ref idref="fl-1"/>
      </object_component>
      <object_component id="oc-225">
         <name>.debug_abbrev</name>
         <load_address>0xba</load_address>
         <run_address>0xba</run_address>
         <size>0x29</size>
         <input_file_ref idref="fl-1"/>
      </object_component>
      <object_component id="oc-1e2">
         <name>.debug_abbrev</name>
         <load_address>0xe3</load_address>
         <run_address>0xe3</run_address>
         <size>0x29</size>
         <input_file_ref idref="fl-1"/>
      </object_component>
      <object_component id="oc-193">
         <name>.debug_abbrev</name>
         <load_address>0x10c</load_address>
         <run_address>0x10c</run_address>
         <size>0x119</size>
         <input_file_ref idref="fl-1"/>
      </object_component>
      <object_component id="oc-12d">
         <name>.debug_abbrev</name>
         <load_address>0x225</load_address>
         <run_address>0x225</run_address>
         <size>0xb7</size>
         <input_file_ref idref="fl-1"/>
      </object_component>
      <object_component id="oc-6f">
         <name>.debug_abbrev</name>
         <load_address>0x2dc</load_address>
         <run_address>0x2dc</run_address>
         <size>0x69</size>
         <input_file_ref idref="fl-1"/>
      </object_component>
      <object_component id="oc-b1">
         <name>.debug_abbrev</name>
         <load_address>0x345</load_address>
         <run_address>0x345</run_address>
         <size>0x1f</size>
         <input_file_ref idref="fl-1"/>
      </object_component>
[...]
         </contents>
      </logical_group>
      <logical_group id="lg-2b9" display="never" color="cyan">
         <name>.debug_pubnames</name>
         <load_address>0x0</load_address>
         <run_address>0x0</run_address>
         <size>0xa2e</size>
         <contents>
            <object_component_ref idref="oc-192"/>
            <object_component_ref idref="oc-126"/>
            <object_component_ref idref="oc-ce"/>
            <object_component_ref idref="oc-123"/>
            <object_component_ref idref="oc-9b"/>
            <object_component_ref idref="oc-11"/>
            <object_component_ref idref="oc-27"/>
            <object_component_ref idref="oc-187"/>
            <object_component_ref idref="oc-21a"/>
            <object_component_ref idref="oc-214"/>
            <object_component_ref idref="oc-17b"/>
            <object_component_ref idref="oc-223"/>
            <object_component_ref idref="oc-181"/>
            <object_component_ref idref="oc-c8"/>
            <object_component_ref idref="oc-18d"/>
            <object_component_ref idref="oc-114"/>
            <object_component_ref idref="oc-109"/>
            <object_component_ref idref="oc-119"/>
            <object_component_ref idref="oc-104"/>
            <object_component_ref idref="oc-47"/>
            <object_component_ref idref="oc-1b"/>
            <object_component_ref idref="oc-15"/>
            <object_component_ref idref="oc-23"/>
            <object_component_ref idref="oc-59"/>
            <object_component_ref idref="oc-133"/>
            <object_component_ref idref="oc-3b"/>
            <object_component_ref idref="oc-13f"/>
            <object_component_ref idref="oc-95"/>
            <object_component_ref idref="oc-ec"/>
            <object_component_ref idref="oc-e6"/>
            <object_component_ref idref="oc-19f"/>
            <object_component_ref idref="oc-19c"/>
            <object_component_ref idref="oc-d4"/>
            <object_component_ref idref="oc-1ab"/>
            <object_component_ref idref="oc-f2"/>
            <object_component_ref idref="oc-da"/>
            <object_component_ref idref="oc-e0"/>
            <object_component_ref idref="oc-1bc"/>
            <object_component_ref idref="oc-1c0"/>
            <object_component_ref idref="oc-251"/>
            <object_component_ref idref="oc-257"/>
            <object_component_ref idref="oc-1c6"/>
            <object_component_ref idref="oc-1cc"/>
            <object_component_ref idref="oc-fe"/>
            <object_component_ref idref="oc-11e"/>
            <object_component_ref idref="oc-247"/>
            <object_component_ref idref="oc-1b7"/>
            <object_component_ref idref="oc-22f"/>
            <object_component_ref idref="oc-10e"/>
            <object_component_ref idref="oc-197"/>
            <object_component_ref idref="oc-f8"/>
            <object_component_ref idref="oc-1e6"/>
            <object_component_ref idref="oc-129"/>
            <object_component_ref idref="oc-236"/>
         </contents>
      </logical_group>
      <logical_group id="lg-2bb" display="never" color="cyan">
         <name>.debug_pubtypes</name>
         <load_address>0x0</load_address>
         <run_address>0x0</run_address>
         <size>0xee8</size>
         <contents>
            <object_component_ref idref="oc-12c"/>
            <object_component_ref idref="oc-6e"/>
            <object_component_ref idref="oc-b0"/>
            <object_component_ref idref="oc-228"/>
            <object_component_ref idref="oc-ab"/>
            <object_component_ref idref="oc-73"/>
            <object_component_ref idref="oc-1d9"/>
            <object_component_ref idref="oc-1de"/>
            <object_component_ref idref="oc-34"/>
            <object_component_ref idref="oc-173"/>
            <object_component_ref idref="oc-20d"/>
            <object_component_ref idref="oc-87"/>
            <object_component_ref idref="oc-bd"/>
            <object_component_ref idref="oc-3f"/>
            <object_component_ref idref="oc-7f"/>
            <object_component_ref idref="oc-2f"/>
            <object_component_ref idref="oc-b6"/>
            <object_component_ref idref="oc-78"/>
            <object_component_ref idref="oc-271"/>
            <object_component_ref idref="oc-291"/>
            <object_component_ref idref="oc-276"/>
            <object_component_ref idref="oc-27b"/>
            <object_component_ref idref="oc-1a4"/>
         </contents>
      </logical_group>
      <load_segment id="lg-2d3" display="no" color="cyan">
         <name>SEGMENT_0</name>
         <load_address>0x0</load_address>
         <run_address>0x0</run_address>
         <size>0x2b50</size>
         <flags>0x5</flags>
         <contents>
            <logical_group_ref idref="lg-3"/>
            <logical_group_ref idref="lg-4"/>
            <logical_group_ref idref="lg-5"/>
            <logical_group_ref idref="lg-6"/>
         </contents>
      </load_segment>
      <load_segment id="lg-2d4" display="no" color="cyan">
         <name>SEGMENT_1</name>
         <run_address>0x20000000</run_address>
         <size>0x238</size>
         <flags>0x6</flags>
         <contents>
            <logical_group_ref idref="lg-d"/>
            <logical_group_ref idref="lg-b"/>
            <logical_group_ref idref="lg-a"/>
         </contents>
      </load_segment>
   </logical_group_list>
   <placement_map>
      <memory_area display="yes" color="green">
         <name>FLASH</name>
         <page_id>0x0</page_id>
         <origin>0x0</origin>
         <length>0x40000</length>
         <used_space>0x2b4a</used_space>
         <unused_space>0x3d4b6</unused_space>
         <attributes>RX</attributes>
         <usage_details>
            <allocated_space>
               <start_address>0x0</start_address>
               <size>0x26c</size>
               <logical_group_ref idref="lg-3"/>
            </allocated_space>
            <allocated_space>
               <start_address>0x26c</start_address>
               <size>0x1f06</size>
               <logical_group_ref idref="lg-4"/>
            </allocated_space>
            <available_space>
               <start_address>0x2172</start_address>
               <size>0x2</size>
            </available_space>
            <allocated_space>
               <start_address>0x2174</start_address>
               <size>0x9a0</size>
               <logical_group_ref idref="lg-5"/>
            </allocated_space>
            <available_space>
               <start_address>0x2b14</start_address>
               <size>0x4</size>
            </available_space>
            <allocated_space>
               <start_address>0x2b18</start_address>
               <size>0x38</size>
               <logical_group_ref idref="lg-6"/>
            </allocated_space>
            <available_space>
               <start_address>0x2b50</start_address>
               <size>0x3d4b0</size>
            </available_space>
         </usage_details>
      </memory_area>
      <memory_area display="yes" color="green">
         <name>SRAM</name>
         <page_id>0x0</page_id>
         <origin>0x20000000</origin>
         <length>0x8000</length>
         <used_space>0x238</used_space>
         <unused_space>0x7dc8</unused_space>
         <attributes>RWX</attributes>
         <usage_details>
            <allocated_space>
               <start_address>0x20000000</start_address>
               <size>0x200</size>
               <logical_group_ref idref="lg-d"/>
            </allocated_space>
            <allocated_space>
               <start_address>0x20000200</start_address>
               <size>0x30</size>
               <logical_group_ref idref="lg-b"/>
            </allocated_space>
            <allocated_space>
               <start_address>0x20000230</start_address>
               <size>0x8</size>
               <logical_group_ref idref="lg-a"/>
            </allocated_space>
            <available_space>
               <start_address>0x20000238</start_address>
               <size>0x7dc8</size>
            </available_space>
         </usage_details>
      </memory_area>
   </placement_map>
   <cptbl_list>
      <cptbl>
         <name>__TI_cinit_table</name>
         <cprec>
            <name>.data</name>
            <load_address>0x2b18</load_address>
            <load_size>0xd</load_size>
            <run_address>0x20000230</run_address>
            <run_size>0x8</run_size>
            <compression>lzss</compression>
         </cprec>
         <cprec>
            <name>.bss</name>
            <load_address>0x2b38</load_address>
            <load_size>0x8</load_size>
            <run_address>0x20000200</run_address>
            <run_size>0x30</run_size>
            <compression>zero_init</compression>
         </cprec>
      </cptbl>
   </cptbl_list>
   <handler_table>
      <handler_table_name>__TI_handler_table</handler_table_name>
      <handler>
         <index>0x0</index>
         <name>__TI_decompress_lzss</name>
      </handler>
      <handler>
         <index>0x1</index>
         <name>__TI_decompress_none</name>
      </handler>
      <handler>
         <index>0x2</index>
         <name>__TI_zero_init</name>
      </handler>
   </handler_table>
   <symbol_table>
      <symbol id="sm-1">
         <name>__STACK_TOP</name>
         <value>0x20000200</value>
      </symbol>
      <symbol id="sm-2">
         <name>__TI_CINIT_Base</name>
         <value>0x2b40</value>
      </symbol>
      <symbol id="sm-3">
         <name>__TI_CINIT_Limit</name>
         <value>0x2b50</value>
      </symbol>
      <symbol id="sm-4">
         <name>__TI_Handler_Table_Base</name>
         <value>0x2b28</value>
      </symbol>
      <symbol id="sm-5">
         <name>__TI_Handler_Table_Limit</name>
         <value>0x2b34</value>
      </symbol>
      <symbol id="sm-6">
         <name>binit</name>
         <value>0xffffffff</value>
      </symbol>
      <symbol id="sm-7">
         <name>__binit__</name>
         <value>0xffffffff</value>
      </symbol>
      <symbol id="sm-8">
         <name>__STACK_SIZE</name>
         <value>0x200</value>
      </symbol>
      <symbol id="sm-9">
         <name>__STACK_END</name>
         <value>0x20000200</value>
      </symbol>
      <symbol id="sm-a">
         <name>__c_args__</name>
         <value>0xffffffff</value>
      </symbol>
      <symbol id="sm-b">
         <name>__TI_pprof_out_hndl</name>
         <value>0xffffffff</value>
      </symbol>
      <symbol id="sm-c">
         <name>__TI_prof_data_start</name>
         <value>0xffffffff</value>
      </symbol>
      <symbol id="sm-d">
         <name>__TI_prof_data_size</name>
         <value>0xffffffff</value>
      </symbol>
      <symbol id="sm-ab">
         <name>WriteData</name>
         <value>0x20000230</value>
         <object_component_ref idref="oc-190"/>
      </symbol>
      <symbol id="sm-ac">
         <name>Kentec320x240x16_SSD2119Init</name>
         <value>0x48d</value>
         <object_component_ref idref="oc-cb"/>
      </symbol>
      <symbol id="sm-ad">
         <name>g_sKentec320x240x16_SSD2119</name>
         <value>0x2adc</value>
         <object_component_ref idref="oc-124"/>
      </symbol>
      <symbol id="sm-ae">
         <name>LED_OFF</name>
         <value>0x287</value>
         <object_component_ref idref="oc-cb"/>
      </symbol>
      <symbol id="sm-af">
         <name>LED_ON</name>
         <value>0x26d</value>
         <object_component_ref idref="oc-cb"/>
      </symbol>
      <symbol id="sm-b0">
         <name>WriteCommand</name>
         <value>0x20000234</value>
         <object_component_ref idref="oc-190"/>
      </symbol>
      <symbol id="sm-d7">
         <name>g_sContext</name>
         <value>0x20000200</value>
      </symbol>
      <symbol id="sm-d8">
         <name>main</name>
         <value>0xe71</value>
         <object_component_ref idref="oc-98"/>
      </symbol>
      <symbol id="sm-f9">
         <name>ResetISR</name>
         <value>0x2145</value>
         <object_component_ref idref="oc-24"/>
      </symbol>
      <symbol id="sm-fa">
         <name>g_pfnVectors</name>
         <value>0x0</value>
         <object_component_ref idref="oc-f"/>
      </symbol>
      <symbol id="sm-126">
         <name>GPIOPinTypeGPIOOutput</name>
         <value>0x20f7</value>
         <object_component_ref idref="oc-178"/>
      </symbol>
      <symbol id="sm-127">
         <name>GPIODirModeSet</name>
         <value>0x2047</value>
         <object_component_ref idref="oc-217"/>
      </symbol>
      <symbol id="sm-128">
         <name>GPIOPinWrite</name>
         <value>0x2159</value>
         <object_component_ref idref="oc-184"/>
      </symbol>
      <symbol id="sm-129">
         <name>GPIOPadConfigSet</name>
         <value>0x16cd</value>
         <object_component_ref idref="oc-211"/>
      </symbol>
      <symbol id="sm-17c">
         <name>SysCtlClockSet</name>
         <value>0x1911</value>
         <object_component_ref idref="oc-c5"/>
      </symbol>
      <symbol id="sm-17d">
         <name>SysCtlDelay</name>
         <value>0x2165</value>
         <object_component_ref idref="oc-170"/>
      </symbol>
      <symbol id="sm-17e">
         <name>SysCtlPeripheralEnable</name>
         <value>0x1fb9</value>
         <object_component_ref idref="oc-17e"/>
      </symbol>
      <symbol id="sm-17f">
         <name>SysCtlClockGet</name>
         <value>0x1801</value>
         <object_component_ref idref="oc-18a"/>
      </symbol>
      <symbol id="sm-197">
         <name>__aeabi_dsub</name>
         <value>0x129d</value>
         <object_component_ref idref="oc-111"/>
      </symbol>
      <symbol id="sm-198">
         <name>__aeabi_dadd</name>
         <value>0x12a7</value>
         <object_component_ref idref="oc-111"/>
      </symbol>
      <symbol id="sm-1ac">
         <name>__aeabi_ddiv</name>
         <value>0x1597</value>
         <object_component_ref idref="oc-106"/>
      </symbol>
      <symbol id="sm-1b6">
         <name>__aeabi_d2iz</name>
         <value>0x1e2b</value>
         <object_component_ref idref="oc-116"/>
      </symbol>
      <symbol id="sm-1c0">
         <name>__aeabi_ui2d</name>
         <value>0x20b9</value>
         <object_component_ref idref="oc-101"/>
      </symbol>
      <symbol id="sm-1d9">
         <name>__TI_zero_init_nomemset</name>
         <value>0x2125</value>
         <object_component_ref idref="oc-44"/>
      </symbol>
      <symbol id="sm-1f0">
         <name>__TI_decompress_none</name>
         <value>0x2137</value>
         <object_component_ref idref="oc-18"/>
      </symbol>
      <symbol id="sm-213">
         <name>__TI_decompress_lzss</name>
         <value>0x1cb9</value>
         <object_component_ref idref="oc-12"/>
      </symbol>
      <symbol id="sm-226">
         <name>__stack</name>
         <value>0x20000000</value>
         <object_component_ref idref="oc-21"/>
      </symbol>
      <symbol id="sm-227">
         <name>_c_int00_noargs</name>
         <value>0x1f81</value>
         <object_component_ref idref="oc-56"/>
      </symbol>
      <symbol id="sm-232">
         <name>C$$EXIT</name>
         <value>0x216f</value>
         <object_component_ref idref="oc-130"/>
      </symbol>
      <symbol id="sm-233">
         <name>abort</name>
         <value>0x216f</value>
         <object_component_ref idref="oc-130"/>
      </symbol>
      <symbol id="sm-250">
         <name>memcpy</name>
         <value>0x1ac5</value>
         <object_component_ref idref="oc-38"/>
      </symbol>
      <symbol id="sm-251">
         <name>__aeabi_memcpy</name>
         <value>0x1ac5</value>
         <object_component_ref idref="oc-38"/>
      </symbol>
      <symbol id="sm-252">
         <name>__aeabi_memcpy8</name>
         <value>0x1ac5</value>
         <object_component_ref idref="oc-38"/>
      </symbol>
      <symbol id="sm-253">
         <name>__aeabi_memcpy4</name>
         <value>0x1ac5</value>
         <object_component_ref idref="oc-38"/>
      </symbol>
      <symbol id="sm-27c">
         <name>__TI_auto_init_nobinit_nopinit</name>
         <value>0x1f01</value>
         <object_component_ref idref="oc-13c"/>
      </symbol>
      <symbol id="sm-286">
         <name>_system_pre_init</name>
         <value>0x216b</value>
         <object_component_ref idref="oc-92"/>
      </symbol>
      <symbol id="sm-2b5">
         <name>GrCircleFill</name>
         <value>0x1453</value>
         <object_component_ref idref="oc-e9"/>
      </symbol>
      <symbol id="sm-2b6">
         <name>GrCircleDraw</name>
         <value>0x1095</value>
         <object_component_ref idref="oc-e3"/>
      </symbol>
      <symbol id="sm-2d1">
         <name>GrContextInit</name>
         <value>0x1be9</value>
         <object_component_ref idref="oc-d1"/>
      </symbol>
      <symbol id="sm-2d2">
         <name>g_psDefaultCodePointMapTable</name>
         <value>0x2b04</value>
         <object_component_ref idref="oc-19a"/>
      </symbol>
      <symbol id="sm-2eb">
         <name>GrLineDrawH</name>
         <value>0x1e73</value>
         <object_component_ref idref="oc-ef"/>
      </symbol>
      <symbol id="sm-2ec">
         <name>GrLineDrawV</name>
         <value>0x1eb9</value>
         <object_component_ref idref="oc-1a8"/>
      </symbol>
      <symbol id="sm-303">
         <name>GrRectFill</name>
         <value>0x1b61</value>
         <object_component_ref idref="oc-d7"/>
      </symbol>
      <symbol id="sm-304">
         <name>GrRectDraw</name>
         <value>0x1d21</value>
         <object_component_ref idref="oc-dd"/>
      </symbol>
      <symbol id="sm-3a7">
         <name>GrFontInfoGet</name>
         <value>0x2071</value>
         <object_component_ref idref="oc-1c9"/>
      </symbol>
      <symbol id="sm-3a8">
         <name>GrDefaultStringRenderer</name>
         <value>0x1a05</value>
         <object_component_ref idref="oc-194"/>
      </symbol>
      <symbol id="sm-3a9">
         <name>GrFontGlyphRender</name>
         <value>0xc1d</value>
         <object_component_ref idref="oc-22c"/>
      </symbol>
      <symbol id="sm-3aa">
         <name>GrContextFontSet</name>
         <value>0x215f</value>
         <object_component_ref idref="oc-f5"/>
      </symbol>
      <symbol id="sm-3ab">
         <name>GrFontGlyphDataGet</name>
         <value>0x2097</value>
         <object_component_ref idref="oc-1c3"/>
      </symbol>
      <symbol id="sm-3ac">
         <name>GrStringDraw</name>
         <value>0x210f</value>
         <object_component_ref idref="oc-11b"/>
      </symbol>
      <symbol id="sm-3ad">
         <name>GrFontCodepageGet</name>
         <value>0x20d9</value>
         <object_component_ref idref="oc-244"/>
      </symbol>
      <symbol id="sm-3ae">
         <name>GrStringNextCharGet</name>
         <value>0x1fed</value>
         <object_component_ref idref="oc-1bd"/>
      </symbol>
      <symbol id="sm-3af">
         <name>GrStringWidthGet</name>
         <value>0x1c51</value>
         <object_component_ref idref="oc-fb"/>
      </symbol>
      <symbol id="sm-3b0">
         <name>GrFontBaselineGet</name>
         <value>0x201b</value>
         <object_component_ref idref="oc-10b"/>
      </symbol>
      <symbol id="sm-3c2">
         <name>g_sFontCm18b</name>
         <value>0x29a8</value>
         <object_component_ref idref="oc-127"/>
      </symbol>
      <symbol id="sm-3cf">
         <name>GrMapISO8859_1_Unicode</name>
         <value>0x2151</value>
         <object_component_ref idref="oc-233"/>
      </symbol>
      <symbol id="sm-3d0">
         <name>__TI_static_base__</name>
         <value>0x0</value>
      </symbol>
      <symbol id="sm-3d3">
         <name>__mpu_init</name>
         <value>0x0</value>
      </symbol>
      <symbol id="sm-3d4">
         <name>_system_post_cinit</name>
         <value>0x0</value>
      </symbol>
   </symbol_table>
   <title>Link successful</title>
</link_info>
