******************************************************************************
                  TI ARM Linker Unix v18.1.1                   
******************************************************************************
>> Linked Sat May  5 13:24:38 2018

OUTPUT FILE NAME:   <Attempt_one.out>
ENTRY POINT SYMBOL: "_c_int00_noargs"  address: 00002079


MEMORY CONFIGURATION

         name            origin    length      used     unused   attr    fill
----------------------  --------  ---------  --------  --------  ----  --------
  FLASH                 00000000   00040000  00002c42  0003d3be  R  X
  SRAM                  20000000   00008000  00000238  00007dc8  RW X


SEGMENT ALLOCATION MAP

run origin  load origin   length   init length attrs members
----------  ----------- ---------- ----------- ----- -------
00000000    00000000    00002c48   00002c48    r-x
  00000000    00000000    0000026c   0000026c    r-- .intvecs
  0000026c    0000026c    00001ffe   00001ffe    r-x .text
  0000226c    0000226c    000009a0   000009a0    r-- .const
  00002c10    00002c10    00000038   00000038    r-- .cinit
20000000    20000000    00000238   00000000    rw-
  20000000    20000000    00000200   00000000    rw- .stack
  20000200    20000200    00000030   00000000    rw- .bss
  20000230    20000230    00000008   00000000    rw- .data


SECTION ALLOCATION MAP

 output                                  attributes/
section   page    origin      length       input sections
--------  ----  ----------  ----------   ----------------
.intvecs   0    00000000    0000026c     
                  00000000    0000026c     tm4c123gh6pm_startup_ccs.obj (.intvecs)

.text      0    0000026c    00001ffe     
                  0000026c    000009b0     Kentec320x240x16_ssd2119_8bit.obj (.text)
                  00000c1c    0000031c     main.obj (.text)
                  00000f38    00000254     grlib.lib : string.obj (.text:GrFontGlyphRender)
                  0000118c    00000208               : circle.obj (.text:GrCircleDraw)
                  00001394    000001b6     rtsv7M4_T_le_v4SPD16_eabi.lib : fd_add_t2.asm.obj (.text)
                  0000154a    00000144     grlib.lib : circle.obj (.text:GrCircleFill)
                  0000168e    00000136     rtsv7M4_T_le_v4SPD16_eabi.lib : fd_div_t2.asm.obj (.text)
                  000017c4    00000132     driverlib.lib : gpio.obj (.text:GPIOPadConfigSet)
                  000018f6    00000002     --HOLE-- [fill = 0]
                  000018f8    00000110                   : sysctl.obj (.text:SysCtlClockGet)
                  00001a08    000000f4                   : sysctl.obj (.text:SysCtlClockSet)
                  00001afc    000000c0     grlib.lib : string.obj (.text:GrDefaultStringRenderer)
                  00001bbc    0000009c     rtsv7M4_T_le_v4SPD16_eabi.lib : memcpy_t2.asm.obj (.text)
                  00001c58    00000086     grlib.lib : rectangle.obj (.text:GrRectFill)
                  00001cde    00000002     --HOLE-- [fill = 0]
                  00001ce0    00000068               : context.obj (.text:GrContextInit)
                  00001d48    00000068               : string.obj (.text:GrStringWidthGet)
                  00001db0    00000068     rtsv7M4_T_le_v4SPD16_eabi.lib : copy_decompress_lzss.c.obj (.text:decompress:lzss:__TI_decompress_lzss)
                  00001e18    00000066     grlib.lib : rectangle.obj (.text:GrRectDraw)
                  00001e7e    0000005a               : string.obj (.text:FontWideGlyphDataGet)
                  00001ed8    0000004a               : string.obj (.text:UpdateContextCharMapping)
                  00001f22    00000048     rtsv7M4_T_le_v4SPD16_eabi.lib : fd_toi_t2.asm.obj (.text)
                  00001f6a    00000046     grlib.lib : line.obj (.text:GrLineDrawH)
                  00001fb0    00000046               : line.obj (.text:GrLineDrawV)
                  00001ff6    00000002     --HOLE-- [fill = 0]
                  00001ff8    00000044     rtsv7M4_T_le_v4SPD16_eabi.lib : autoinit.c.obj (.text:__TI_auto_init_nobinit_nopinit:__TI_auto_init_nobinit_nopinit)
                  0000203c    0000003a     grlib.lib : string.obj (.text:FontGlyphDataGet)
                  00002076    00000002     --HOLE-- [fill = 0]
                  00002078    00000038     rtsv7M4_T_le_v4SPD16_eabi.lib : boot_cortex_m.c.obj (.text:_c_int00_noargs:_c_int00_noargs)
                  000020b0    00000034     driverlib.lib : sysctl.obj (.text:SysCtlPeripheralEnable)
                  000020e4    0000002e     grlib.lib : string.obj (.text:GrStringNextCharGet)
                  00002112    0000002c               : string.obj (.text:GrFontBaselineGet)
                  0000213e    0000002a     driverlib.lib : gpio.obj (.text:GPIODirModeSet)
                  00002168    00000026     grlib.lib : string.obj (.text:GrFontInfoGet)
                  0000218e    00000022               : string.obj (.text:GrFontGlyphDataGet)
                  000021b0    00000020     rtsv7M4_T_le_v4SPD16_eabi.lib : u_tofd_t2.asm.obj (.text)
                  000021d0    0000001e     grlib.lib : string.obj (.text:GrFontCodepageGet)
                  000021ee    00000018     driverlib.lib : gpio.obj (.text:GPIOPinTypeGPIOOutput)
                  00002206    00000016     grlib.lib : string.obj (.text:GrStringDraw)
                  0000221c    00000012     rtsv7M4_T_le_v4SPD16_eabi.lib : copy_zero_init.c.obj (.text:decompress:ZI:__TI_zero_init_nomemset:__TI_zero_init_nomemset)
                  0000222e    0000000e                                   : copy_decompress_none.c.obj (.text:decompress:none:__TI_decompress_none)
                  0000223c    0000000c     tm4c123gh6pm_startup_ccs.obj (.text)
                  00002248    00000008     grlib.lib : charmap.obj (.text:GrMapISO8859_1_Unicode)
                  00002250    00000006     driverlib.lib : gpio.obj (.text:GPIOPinWrite)
                  00002256    00000006     grlib.lib : string.obj (.text:GrContextFontSet)
                  0000225c    00000006     driverlib.lib : sysctl.obj (.text:SysCtlDelay)
                  00002262    00000004     rtsv7M4_T_le_v4SPD16_eabi.lib : pre_init.c.obj (.text:_system_pre_init)
                  00002266    00000004                                   : exit.c.obj (.text:abort:abort)

.const     0    0000226c    000009a0     
                  0000226c    00000833     grlib.lib : fontcm18b.obj (.const:.string:g_pui8Cm18bData)
                  00002a9f    00000001     --HOLE-- [fill = 0]
                  00002aa0    000000c8               : fontcm18b.obj (.const:g_sFontCm18b)
                  00002b68    0000006c     driverlib.lib : sysctl.obj (.const:g_pui32Xtals)
                  00002bd4    00000028     Kentec320x240x16_ssd2119_8bit.obj (.const:g_sKentec320x240x16_SSD2119)
                  00002bfc    00000010     grlib.lib : context.obj (.const)

.cinit     0    00002c10    00000038     
                  00002c10    0000000d     (.cinit..data.load) [load image, compression = lzss]
                  00002c1d    00000003     --HOLE-- [fill = 0]
                  00002c20    0000000c     (__TI_handler_table)
                  00002c2c    00000004     --HOLE-- [fill = 0]
                  00002c30    00000008     (.cinit..bss.load) [load image, compression = zero_init]
                  00002c38    00000010     (__TI_cinit_table)

.init_array 
*          0    00000000    00000000     UNINITIALIZED

.bss       0    20000200    00000030     UNINITIALIZED
                  20000200    0000002c     (.common:g_sContext)
                  2000022c    00000004     (.common:g_psGrLibDefaults)

.data      0    20000230    00000008     UNINITIALIZED
                  20000230    00000008     Kentec320x240x16_ssd2119_8bit.obj (.data)

.stack     0    20000000    00000200     UNINITIALIZED
                  20000000    00000004     rtsv7M4_T_le_v4SPD16_eabi.lib : boot_cortex_m.c.obj (.stack)
                  20000004    000001fc     --HOLE--

MODULE SUMMARY

       Module                              code   ro data   rw data
       ------                              ----   -------   -------
    ./
       Kentec320x240x16_ssd2119_8bit.obj   2480   40        8      
       main.obj                            796    0         44     
       tm4c123gh6pm_startup_ccs.obj        12     620       0      
    +--+-----------------------------------+------+---------+---------+
       Total:                              3288   660       52     
                                                                   
    /home/c3xp1r/ti/TivaWare_C_Series-2.1.3.156/driverlib/ccs/Debug/driverlib.lib
       sysctl.obj                          574    108       0      
       gpio.obj                            378    0         0      
    +--+-----------------------------------+------+---------+---------+
       Total:                              952    108       0      
                                                                   
    /home/c3xp1r/ti/TivaWare_C_Series-2.1.3.156/grlib/ccs/Debug/grlib.lib
       fontcm18b.obj                       0      2299      0      
       string.obj                          1334   0         0      
       circle.obj                          844    0         0      
       rectangle.obj                       236    0         0      
       line.obj                            140    0         0      
       context.obj                         104    16        4      
       charmap.obj                         8      0         0      
    +--+-----------------------------------+------+---------+---------+
       Total:                              2666   2315      4      
                                                                   
    /home/c3xp1r/ti/ccsv8/tools/compiler/ti-cgt-arm_18.1.1.LTS/lib/rtsv7M4_T_le_v4SPD16_eabi.lib
       fd_add_t2.asm.obj                   438    0         0      
       fd_div_t2.asm.obj                   310    0         0      
       memcpy_t2.asm.obj                   156    0         0      
       copy_decompress_lzss.c.obj          104    0         0      
       fd_toi_t2.asm.obj                   72     0         0      
       autoinit.c.obj                      68     0         0      
       boot_cortex_m.c.obj                 56     0         0      
       u_tofd_t2.asm.obj                   32     0         0      
       copy_zero_init.c.obj                18     0         0      
       copy_decompress_none.c.obj          14     0         0      
       exit.c.obj                          4      0         0      
       pre_init.c.obj                      4      0         0      
    +--+-----------------------------------+------+---------+---------+
       Total:                              1276   0         0      
                                                                   
       Stack:                              0      0         512    
       Linker Generated:                   0      49        0      
    +--+-----------------------------------+------+---------+---------+
       Grand Total:                        8182   3132      568    


LINKER GENERATED COPY TABLES

__TI_cinit_table @ 00002c38 records: 2, size/record: 8, table size: 16
	.data: load addr=00002c10, load size=0000000d bytes, run addr=20000230, run size=00000008 bytes, compression=lzss
	.bss: load addr=00002c30, load size=00000008 bytes, run addr=20000200, run size=00000030 bytes, compression=zero_init


LINKER GENERATED HANDLER TABLE

__TI_handler_table @ 00002c20 records: 3, size/record: 4, table size: 12
	index: 0, handler: __TI_decompress_lzss
	index: 1, handler: __TI_decompress_none
	index: 2, handler: __TI_zero_init


GLOBAL SYMBOLS: SORTED ALPHABETICALLY BY Name 

address   name                          
-------   ----                          
00002267  C$$EXIT                       
0000213f  GPIODirModeSet                
000017c5  GPIOPadConfigSet              
000021ef  GPIOPinTypeGPIOOutput         
00002251  GPIOPinWrite                  
0000118d  GrCircleDraw                  
0000154b  GrCircleFill                  
00002257  GrContextFontSet              
00001ce1  GrContextInit                 
00001afd  GrDefaultStringRenderer       
00002113  GrFontBaselineGet             
000021d1  GrFontCodepageGet             
0000218f  GrFontGlyphDataGet            
00000f39  GrFontGlyphRender             
00002169  GrFontInfoGet                 
00001f6b  GrLineDrawH                   
00001fb1  GrLineDrawV                   
00002249  GrMapISO8859_1_Unicode        
00001e19  GrRectDraw                    
00001c59  GrRectFill                    
00002207  GrStringDraw                  
000020e5  GrStringNextCharGet           
00001d49  GrStringWidthGet              
0000048d  Kentec320x240x16_SSD2119Init  
00000287  LED_OFF                       
0000026d  LED_ON                        
0000223d  ResetISR                      
000018f9  SysCtlClockGet                
00001a09  SysCtlClockSet                
0000225d  SysCtlDelay                   
000020b1  SysCtlPeripheralEnable        
20000234  WriteCommand                  
20000230  WriteData                     
20000200  __STACK_END                   
00000200  __STACK_SIZE                  
20000200  __STACK_TOP                   
00002c38  __TI_CINIT_Base               
00002c48  __TI_CINIT_Limit              
00002c20  __TI_Handler_Table_Base       
00002c2c  __TI_Handler_Table_Limit      
00001ff9  __TI_auto_init_nobinit_nopinit
00001db1  __TI_decompress_lzss          
0000222f  __TI_decompress_none          
ffffffff  __TI_pprof_out_hndl           
ffffffff  __TI_prof_data_size           
ffffffff  __TI_prof_data_start          
00000000  __TI_static_base__            
0000221d  __TI_zero_init_nomemset       
00001f23  __aeabi_d2iz                  
0000139f  __aeabi_dadd                  
0000168f  __aeabi_ddiv                  
00001395  __aeabi_dsub                  
00001bbd  __aeabi_memcpy                
00001bbd  __aeabi_memcpy4               
00001bbd  __aeabi_memcpy8               
000021b1  __aeabi_ui2d                  
ffffffff  __binit__                     
ffffffff  __c_args__                    
UNDEFED   __mpu_init                    
20000000  __stack                       
00002079  _c_int00_noargs               
UNDEFED   _system_post_cinit            
00002263  _system_pre_init              
00002267  abort                         
ffffffff  binit                         
00000000  g_pfnVectors                  
00002bfc  g_psDefaultCodePointMapTable  
20000200  g_sContext                    
00002aa0  g_sFontCm18b                  
00002bd4  g_sKentec320x240x16_SSD2119   
00000c1d  main                          
00001bbd  memcpy                        


GLOBAL SYMBOLS: SORTED BY Symbol Address 

address   name                          
-------   ----                          
00000000  __TI_static_base__            
00000000  g_pfnVectors                  
00000200  __STACK_SIZE                  
0000026d  LED_ON                        
00000287  LED_OFF                       
0000048d  Kentec320x240x16_SSD2119Init  
00000c1d  main                          
00000f39  GrFontGlyphRender             
0000118d  GrCircleDraw                  
00001395  __aeabi_dsub                  
0000139f  __aeabi_dadd                  
0000154b  GrCircleFill                  
0000168f  __aeabi_ddiv                  
000017c5  GPIOPadConfigSet              
000018f9  SysCtlClockGet                
00001a09  SysCtlClockSet                
00001afd  GrDefaultStringRenderer       
00001bbd  __aeabi_memcpy                
00001bbd  __aeabi_memcpy4               
00001bbd  __aeabi_memcpy8               
00001bbd  memcpy                        
00001c59  GrRectFill                    
00001ce1  GrContextInit                 
00001d49  GrStringWidthGet              
00001db1  __TI_decompress_lzss          
00001e19  GrRectDraw                    
00001f23  __aeabi_d2iz                  
00001f6b  GrLineDrawH                   
00001fb1  GrLineDrawV                   
00001ff9  __TI_auto_init_nobinit_nopinit
00002079  _c_int00_noargs               
000020b1  SysCtlPeripheralEnable        
000020e5  GrStringNextCharGet           
00002113  GrFontBaselineGet             
0000213f  GPIODirModeSet                
00002169  GrFontInfoGet                 
0000218f  GrFontGlyphDataGet            
000021b1  __aeabi_ui2d                  
000021d1  GrFontCodepageGet             
000021ef  GPIOPinTypeGPIOOutput         
00002207  GrStringDraw                  
0000221d  __TI_zero_init_nomemset       
0000222f  __TI_decompress_none          
0000223d  ResetISR                      
00002249  GrMapISO8859_1_Unicode        
00002251  GPIOPinWrite                  
00002257  GrContextFontSet              
0000225d  SysCtlDelay                   
00002263  _system_pre_init              
00002267  C$$EXIT                       
00002267  abort                         
00002aa0  g_sFontCm18b                  
00002bd4  g_sKentec320x240x16_SSD2119   
00002bfc  g_psDefaultCodePointMapTable  
00002c20  __TI_Handler_Table_Base       
00002c2c  __TI_Handler_Table_Limit      
00002c38  __TI_CINIT_Base               
00002c48  __TI_CINIT_Limit              
20000000  __stack                       
20000200  __STACK_END                   
20000200  __STACK_TOP                   
20000200  g_sContext                    
20000230  WriteData                     
20000234  WriteCommand                  
ffffffff  __TI_pprof_out_hndl           
ffffffff  __TI_prof_data_size           
ffffffff  __TI_prof_data_start          
ffffffff  __binit__                     
ffffffff  __c_args__                    
ffffffff  binit                         
UNDEFED   __mpu_init                    
UNDEFED   _system_post_cinit            

[72 symbols]
