******************************************************************************
                  TI ARM Linker Unix v18.1.1                   
******************************************************************************
>> Linked Sat May  5 01:34:38 2018

OUTPUT FILE NAME:   <Attempt_one.out>
ENTRY POINT SYMBOL: "_c_int00_noargs"  address: 00001f81


MEMORY CONFIGURATION

         name            origin    length      used     unused   attr    fill
----------------------  --------  ---------  --------  --------  ----  --------
  FLASH                 00000000   00040000  00002b4a  0003d4b6  R  X
  SRAM                  20000000   00008000  00000238  00007dc8  RW X


SEGMENT ALLOCATION MAP

run origin  load origin   length   init length attrs members
----------  ----------- ---------- ----------- ----- -------
00000000    00000000    00002b50   00002b50    r-x
  00000000    00000000    0000026c   0000026c    r-- .intvecs
  0000026c    0000026c    00001f06   00001f06    r-x .text
  00002174    00002174    000009a0   000009a0    r-- .const
  00002b18    00002b18    00000038   00000038    r-- .cinit
20000000    20000000    00000238   00000000    rw-
  20000000    20000000    00000200   00000000    rw- .stack
  20000200    20000200    00000030   00000000    rw- .bss
  20000230    20000230    00000008   00000000    rw- .data


SECTION ALLOCATION MAP

 output                                  attributes/
section   page    origin      length       input sections
--------  ----  ----------  ----------   ----------------
.intvecs   0    00000000    0000026c     
                  00000000    0000026c     tm4c123gh6pm_startup_ccs.obj (.intvecs)

.text      0    0000026c    00001f06     
                  0000026c    000009b0     Kentec320x240x16_ssd2119_8bit.obj (.text)
                  00000c1c    00000254     grlib.lib : string.obj (.text:GrFontGlyphRender)
                  00000e70    00000224     main.obj (.text)
                  00001094    00000208     grlib.lib : circle.obj (.text:GrCircleDraw)
                  0000129c    000001b6     rtsv7M4_T_le_v4SPD16_eabi.lib : fd_add_t2.asm.obj (.text)
                  00001452    00000144     grlib.lib : circle.obj (.text:GrCircleFill)
                  00001596    00000136     rtsv7M4_T_le_v4SPD16_eabi.lib : fd_div_t2.asm.obj (.text)
                  000016cc    00000132     driverlib.lib : gpio.obj (.text:GPIOPadConfigSet)
                  000017fe    00000002     --HOLE-- [fill = 0]
                  00001800    00000110                   : sysctl.obj (.text:SysCtlClockGet)
                  00001910    000000f4                   : sysctl.obj (.text:SysCtlClockSet)
                  00001a04    000000c0     grlib.lib : string.obj (.text:GrDefaultStringRenderer)
                  00001ac4    0000009c     rtsv7M4_T_le_v4SPD16_eabi.lib : memcpy_t2.asm.obj (.text)
                  00001b60    00000086     grlib.lib : rectangle.obj (.text:GrRectFill)
                  00001be6    00000002     --HOLE-- [fill = 0]
                  00001be8    00000068               : context.obj (.text:GrContextInit)
                  00001c50    00000068               : string.obj (.text:GrStringWidthGet)
                  00001cb8    00000068     rtsv7M4_T_le_v4SPD16_eabi.lib : copy_decompress_lzss.c.obj (.text:decompress:lzss:__TI_decompress_lzss)
                  00001d20    00000066     grlib.lib : rectangle.obj (.text:GrRectDraw)
                  00001d86    0000005a               : string.obj (.text:FontWideGlyphDataGet)
                  00001de0    0000004a               : string.obj (.text:UpdateContextCharMapping)
                  00001e2a    00000048     rtsv7M4_T_le_v4SPD16_eabi.lib : fd_toi_t2.asm.obj (.text)
                  00001e72    00000046     grlib.lib : line.obj (.text:GrLineDrawH)
                  00001eb8    00000046               : line.obj (.text:GrLineDrawV)
                  00001efe    00000002     --HOLE-- [fill = 0]
                  00001f00    00000044     rtsv7M4_T_le_v4SPD16_eabi.lib : autoinit.c.obj (.text:__TI_auto_init_nobinit_nopinit:__TI_auto_init_nobinit_nopinit)
                  00001f44    0000003a     grlib.lib : string.obj (.text:FontGlyphDataGet)
                  00001f7e    00000002     --HOLE-- [fill = 0]
                  00001f80    00000038     rtsv7M4_T_le_v4SPD16_eabi.lib : boot_cortex_m.c.obj (.text:_c_int00_noargs:_c_int00_noargs)
                  00001fb8    00000034     driverlib.lib : sysctl.obj (.text:SysCtlPeripheralEnable)
                  00001fec    0000002e     grlib.lib : string.obj (.text:GrStringNextCharGet)
                  0000201a    0000002c               : string.obj (.text:GrFontBaselineGet)
                  00002046    0000002a     driverlib.lib : gpio.obj (.text:GPIODirModeSet)
                  00002070    00000026     grlib.lib : string.obj (.text:GrFontInfoGet)
                  00002096    00000022               : string.obj (.text:GrFontGlyphDataGet)
                  000020b8    00000020     rtsv7M4_T_le_v4SPD16_eabi.lib : u_tofd_t2.asm.obj (.text)
                  000020d8    0000001e     grlib.lib : string.obj (.text:GrFontCodepageGet)
                  000020f6    00000018     driverlib.lib : gpio.obj (.text:GPIOPinTypeGPIOOutput)
                  0000210e    00000016     grlib.lib : string.obj (.text:GrStringDraw)
                  00002124    00000012     rtsv7M4_T_le_v4SPD16_eabi.lib : copy_zero_init.c.obj (.text:decompress:ZI:__TI_zero_init_nomemset:__TI_zero_init_nomemset)
                  00002136    0000000e                                   : copy_decompress_none.c.obj (.text:decompress:none:__TI_decompress_none)
                  00002144    0000000c     tm4c123gh6pm_startup_ccs.obj (.text)
                  00002150    00000008     grlib.lib : charmap.obj (.text:GrMapISO8859_1_Unicode)
                  00002158    00000006     driverlib.lib : gpio.obj (.text:GPIOPinWrite)
                  0000215e    00000006     grlib.lib : string.obj (.text:GrContextFontSet)
                  00002164    00000006     driverlib.lib : sysctl.obj (.text:SysCtlDelay)
                  0000216a    00000004     rtsv7M4_T_le_v4SPD16_eabi.lib : pre_init.c.obj (.text:_system_pre_init)
                  0000216e    00000004                                   : exit.c.obj (.text:abort:abort)

.const     0    00002174    000009a0     
                  00002174    00000833     grlib.lib : fontcm18b.obj (.const:.string:g_pui8Cm18bData)
                  000029a7    00000001     --HOLE-- [fill = 0]
                  000029a8    000000c8               : fontcm18b.obj (.const:g_sFontCm18b)
                  00002a70    0000006c     driverlib.lib : sysctl.obj (.const:g_pui32Xtals)
                  00002adc    00000028     Kentec320x240x16_ssd2119_8bit.obj (.const:g_sKentec320x240x16_SSD2119)
                  00002b04    00000010     grlib.lib : context.obj (.const)

.cinit     0    00002b18    00000038     
                  00002b18    0000000d     (.cinit..data.load) [load image, compression = lzss]
                  00002b25    00000003     --HOLE-- [fill = 0]
                  00002b28    0000000c     (__TI_handler_table)
                  00002b34    00000004     --HOLE-- [fill = 0]
                  00002b38    00000008     (.cinit..bss.load) [load image, compression = zero_init]
                  00002b40    00000010     (__TI_cinit_table)

.init_array 
*          0    00000000    00000000     UNINITIALIZED

.bss       0    20000200    00000030     UNINITIALIZED
                  20000200    0000002c     (.common:g_sContext)
                  2000022c    00000004     (.common:g_psGrLibDefaults)

.data      0    20000230    00000008     UNINITIALIZED
                  20000230    00000008     Kentec320x240x16_ssd2119_8bit.obj (.data)

.stack     0    20000000    00000200     UNINITIALIZED
                  20000000    00000004     rtsv7M4_T_le_v4SPD16_eabi.lib : boot_cortex_m.c.obj (.stack)
                  20000004    000001fc     --HOLE--

MODULE SUMMARY

       Module                              code   ro data   rw data
       ------                              ----   -------   -------
    ./
       Kentec320x240x16_ssd2119_8bit.obj   2480   40        8      
       tm4c123gh6pm_startup_ccs.obj        12     620       0      
       main.obj                            548    0         44     
    +--+-----------------------------------+------+---------+---------+
       Total:                              3040   660       52     
                                                                   
    /home/c3xp1r/ti/TivaWare_C_Series-2.1.3.156/driverlib/ccs/Debug/driverlib.lib
       sysctl.obj                          574    108       0      
       gpio.obj                            378    0         0      
    +--+-----------------------------------+------+---------+---------+
       Total:                              952    108       0      
                                                                   
    /home/c3xp1r/ti/TivaWare_C_Series-2.1.3.156/grlib/ccs/Debug/grlib.lib
       fontcm18b.obj                       0      2299      0      
       string.obj                          1334   0         0      
       circle.obj                          844    0         0      
       rectangle.obj                       236    0         0      
       line.obj                            140    0         0      
       context.obj                         104    16        4      
       charmap.obj                         8      0         0      
    +--+-----------------------------------+------+---------+---------+
       Total:                              2666   2315      4      
                                                                   
    /home/c3xp1r/ti/ccsv8/tools/compiler/ti-cgt-arm_18.1.1.LTS/lib/rtsv7M4_T_le_v4SPD16_eabi.lib
       fd_add_t2.asm.obj                   438    0         0      
       fd_div_t2.asm.obj                   310    0         0      
       memcpy_t2.asm.obj                   156    0         0      
       copy_decompress_lzss.c.obj          104    0         0      
       fd_toi_t2.asm.obj                   72     0         0      
       autoinit.c.obj                      68     0         0      
       boot_cortex_m.c.obj                 56     0         0      
       u_tofd_t2.asm.obj                   32     0         0      
       copy_zero_init.c.obj                18     0         0      
       copy_decompress_none.c.obj          14     0         0      
       exit.c.obj                          4      0         0      
       pre_init.c.obj                      4      0         0      
    +--+-----------------------------------+------+---------+---------+
       Total:                              1276   0         0      
                                                                   
       Stack:                              0      0         512    
       Linker Generated:                   0      49        0      
    +--+-----------------------------------+------+---------+---------+
       Grand Total:                        7934   3132      568    


LINKER GENERATED COPY TABLES

__TI_cinit_table @ 00002b40 records: 2, size/record: 8, table size: 16
	.data: load addr=00002b18, load size=0000000d bytes, run addr=20000230, run size=00000008 bytes, compression=lzss
	.bss: load addr=00002b38, load size=00000008 bytes, run addr=20000200, run size=00000030 bytes, compression=zero_init


LINKER GENERATED HANDLER TABLE

__TI_handler_table @ 00002b28 records: 3, size/record: 4, table size: 12
	index: 0, handler: __TI_decompress_lzss
	index: 1, handler: __TI_decompress_none
	index: 2, handler: __TI_zero_init


GLOBAL SYMBOLS: SORTED ALPHABETICALLY BY Name 

address   name                          
-------   ----                          
0000216f  C$$EXIT                       
00002047  GPIODirModeSet                
000016cd  GPIOPadConfigSet              
000020f7  GPIOPinTypeGPIOOutput         
00002159  GPIOPinWrite                  
00001095  GrCircleDraw                  
00001453  GrCircleFill                  
0000215f  GrContextFontSet              
00001be9  GrContextInit                 
00001a05  GrDefaultStringRenderer       
0000201b  GrFontBaselineGet             
000020d9  GrFontCodepageGet             
00002097  GrFontGlyphDataGet            
00000c1d  GrFontGlyphRender             
00002071  GrFontInfoGet                 
00001e73  GrLineDrawH                   
00001eb9  GrLineDrawV                   
00002151  GrMapISO8859_1_Unicode        
00001d21  GrRectDraw                    
00001b61  GrRectFill                    
0000210f  GrStringDraw                  
00001fed  GrStringNextCharGet           
00001c51  GrStringWidthGet              
0000048d  Kentec320x240x16_SSD2119Init  
00000287  LED_OFF                       
0000026d  LED_ON                        
00002145  ResetISR                      
00001801  SysCtlClockGet                
00001911  SysCtlClockSet                
00002165  SysCtlDelay                   
00001fb9  SysCtlPeripheralEnable        
20000234  WriteCommand                  
20000230  WriteData                     
20000200  __STACK_END                   
00000200  __STACK_SIZE                  
20000200  __STACK_TOP                   
00002b40  __TI_CINIT_Base               
00002b50  __TI_CINIT_Limit              
00002b28  __TI_Handler_Table_Base       
00002b34  __TI_Handler_Table_Limit      
00001f01  __TI_auto_init_nobinit_nopinit
00001cb9  __TI_decompress_lzss          
00002137  __TI_decompress_none          
ffffffff  __TI_pprof_out_hndl           
ffffffff  __TI_prof_data_size           
ffffffff  __TI_prof_data_start          
00000000  __TI_static_base__            
00002125  __TI_zero_init_nomemset       
00001e2b  __aeabi_d2iz                  
000012a7  __aeabi_dadd                  
00001597  __aeabi_ddiv                  
0000129d  __aeabi_dsub                  
00001ac5  __aeabi_memcpy                
00001ac5  __aeabi_memcpy4               
00001ac5  __aeabi_memcpy8               
000020b9  __aeabi_ui2d                  
ffffffff  __binit__                     
ffffffff  __c_args__                    
UNDEFED   __mpu_init                    
20000000  __stack                       
00001f81  _c_int00_noargs               
UNDEFED   _system_post_cinit            
0000216b  _system_pre_init              
0000216f  abort                         
ffffffff  binit                         
00000000  g_pfnVectors                  
00002b04  g_psDefaultCodePointMapTable  
20000200  g_sContext                    
000029a8  g_sFontCm18b                  
00002adc  g_sKentec320x240x16_SSD2119   
00000e71  main                          
00001ac5  memcpy                        


GLOBAL SYMBOLS: SORTED BY Symbol Address 

address   name                          
-------   ----                          
00000000  __TI_static_base__            
00000000  g_pfnVectors                  
00000200  __STACK_SIZE                  
0000026d  LED_ON                        
00000287  LED_OFF                       
0000048d  Kentec320x240x16_SSD2119Init  
00000c1d  GrFontGlyphRender             
00000e71  main                          
00001095  GrCircleDraw                  
0000129d  __aeabi_dsub                  
000012a7  __aeabi_dadd                  
00001453  GrCircleFill                  
00001597  __aeabi_ddiv                  
000016cd  GPIOPadConfigSet              
00001801  SysCtlClockGet                
00001911  SysCtlClockSet                
00001a05  GrDefaultStringRenderer       
00001ac5  __aeabi_memcpy                
00001ac5  __aeabi_memcpy4               
00001ac5  __aeabi_memcpy8               
00001ac5  memcpy                        
00001b61  GrRectFill                    
00001be9  GrContextInit                 
00001c51  GrStringWidthGet              
00001cb9  __TI_decompress_lzss          
00001d21  GrRectDraw                    
00001e2b  __aeabi_d2iz                  
00001e73  GrLineDrawH                   
00001eb9  GrLineDrawV                   
00001f01  __TI_auto_init_nobinit_nopinit
00001f81  _c_int00_noargs               
00001fb9  SysCtlPeripheralEnable        
00001fed  GrStringNextCharGet           
0000201b  GrFontBaselineGet             
00002047  GPIODirModeSet                
00002071  GrFontInfoGet                 
00002097  GrFontGlyphDataGet            
000020b9  __aeabi_ui2d                  
000020d9  GrFontCodepageGet             
000020f7  GPIOPinTypeGPIOOutput         
0000210f  GrStringDraw                  
00002125  __TI_zero_init_nomemset       
00002137  __TI_decompress_none          
00002145  ResetISR                      
00002151  GrMapISO8859_1_Unicode        
00002159  GPIOPinWrite                  
0000215f  GrContextFontSet              
00002165  SysCtlDelay                   
0000216b  _system_pre_init              
0000216f  C$$EXIT                       
0000216f  abort                         
000029a8  g_sFontCm18b                  
00002adc  g_sKentec320x240x16_SSD2119   
00002b04  g_psDefaultCodePointMapTable  
00002b28  __TI_Handler_Table_Base       
00002b34  __TI_Handler_Table_Limit      
00002b40  __TI_CINIT_Base               
00002b50  __TI_CINIT_Limit              
20000000  __stack                       
20000200  __STACK_END                   
20000200  __STACK_TOP                   
20000200  g_sContext                    
20000230  WriteData                     
20000234  WriteCommand                  
ffffffff  __TI_pprof_out_hndl           
ffffffff  __TI_prof_data_size           
ffffffff  __TI_prof_data_start          
ffffffff  __binit__                     
ffffffff  __c_args__                    
ffffffff  binit                         
UNDEFED   __mpu_init                    
UNDEFED   _system_post_cinit            

[72 symbols]
